*** Using Compiler 'V6.16', folder: 'D:\keil\Keil MDK v5.34\Installation Direction\ARM\ARMCLANG\Bin'
Rebuild target 'Simulate'
assembling startup_stm32h503xx.s...
compiling stm32h5xx_hal_msp.c...
compiling memorymap.c...
compiling main.c...
compiling icache.c...
compiling usart.c...
compiling gpio.c...
compiling tim.c...
compiling stm32h5xx_hal_cortex.c...
compiling stm32h5xx_it.c...
compiling stm32h5xx_hal_rcc.c...
compiling stm32h5xx_hal_rcc_ex.c...
compiling stm32h5xx_hal_flash.c...
compiling stm32h5xx_hal_flash_ex.c...
compiling stm32h5xx_hal_gpio.c...
compiling stm32h5xx_hal_pwr.c...
compiling stm32h5xx_hal_dma.c...
compiling stm32h5xx_hal_icache.c...
compiling stm32h5xx_hal_exti.c...
compiling stm32h5xx_hal_pwr_ex.c...
compiling stm32h5xx_hal.c...
compiling stm32h5xx_hal_dma_ex.c...
compiling stm32h5xx_hal_tim_ex.c...
compiling system_stm32h5xx.c...
compiling capture.c...
compiling stm32h5xx_hal_uart_ex.c...
compiling delay.c...
compiling stm32h5xx_hal_tim.c...
compiling process.c...
compiling buffer.c...
compiling stm32h5xx_hal_uart.c...
linking...
Program Size: Code=34114 RO-data=698 RW-data=12 ZI-data=1852  
FromELF: creating hex file...
"Simulate\Simulate.axf" - 0 Error(s), 0 Warning(s).
Build Time Elapsed:  00:00:05
