Component: ARM Compiler 6.16 Tool: armlink [5dfeaa00]

==============================================================================

Section Cross References

    startup_stm32h503xx.o(RESET) refers to startup_stm32h503xx.o(STACK) for __initial_sp
    startup_stm32h503xx.o(RESET) refers to startup_stm32h503xx.o(.text) for Reset_Handler
    startup_stm32h503xx.o(RESET) refers to stm32h5xx_it.o(.text.NMI_Handler) for NMI_Handler
    startup_stm32h503xx.o(RESET) refers to stm32h5xx_it.o(.text.HardFault_Handler) for HardFault_Handler
    startup_stm32h503xx.o(RESET) refers to stm32h5xx_it.o(.text.MemManage_Handler) for MemManage_Handler
    startup_stm32h503xx.o(RESET) refers to stm32h5xx_it.o(.text.BusFault_Handler) for BusFault_Handler
    startup_stm32h503xx.o(RESET) refers to stm32h5xx_it.o(.text.UsageFault_Handler) for UsageFault_Handler
    startup_stm32h503xx.o(RESET) refers to stm32h5xx_it.o(.text.SVC_Handler) for SVC_Handler
    startup_stm32h503xx.o(RESET) refers to stm32h5xx_it.o(.text.DebugMon_Handler) for DebugMon_Handler
    startup_stm32h503xx.o(RESET) refers to stm32h5xx_it.o(.text.PendSV_Handler) for PendSV_Handler
    startup_stm32h503xx.o(RESET) refers to stm32h5xx_it.o(.text.SysTick_Handler) for SysTick_Handler
    startup_stm32h503xx.o(RESET) refers to stm32h5xx_it.o(.text.EXTI2_IRQHandler) for EXTI2_IRQHandler
    startup_stm32h503xx.o(RESET) refers to stm32h5xx_it.o(.text.EXTI5_IRQHandler) for EXTI5_IRQHandler
    startup_stm32h503xx.o(RESET) refers to stm32h5xx_it.o(.text.EXTI6_IRQHandler) for EXTI6_IRQHandler
    startup_stm32h503xx.o(RESET) refers to stm32h5xx_it.o(.text.EXTI10_IRQHandler) for EXTI10_IRQHandler
    startup_stm32h503xx.o(RESET) refers to stm32h5xx_it.o(.text.TIM1_UP_IRQHandler) for TIM1_UP_IRQHandler
    startup_stm32h503xx.o(RESET) refers to stm32h5xx_it.o(.text.TIM2_IRQHandler) for TIM2_IRQHandler
    startup_stm32h503xx.o(RESET) refers to stm32h5xx_it.o(.text.TIM3_IRQHandler) for TIM3_IRQHandler
    startup_stm32h503xx.o(RESET) refers to stm32h5xx_it.o(.text.TIM6_IRQHandler) for TIM6_IRQHandler
    startup_stm32h503xx.o(RESET) refers to stm32h5xx_it.o(.text.USART1_IRQHandler) for USART1_IRQHandler
    startup_stm32h503xx.o(.text) refers to system_stm32h5xx.o(.text.SystemInit) for SystemInit
    startup_stm32h503xx.o(.text) refers to entry.o(.ARM.Collect$$$$00000000) for __main
    main.o(.text.main) refers to stm32h5xx_hal.o(.text.HAL_Init) for HAL_Init
    main.o(.text.main) refers to main.o(.text.SystemClock_Config) for SystemClock_Config
    main.o(.text.main) refers to gpio.o(.text.MX_GPIO_Init) for MX_GPIO_Init
    main.o(.text.main) refers to icache.o(.text.MX_ICACHE_Init) for MX_ICACHE_Init
    main.o(.text.main) refers to usart.o(.text.MX_USART1_UART_Init) for MX_USART1_UART_Init
    main.o(.text.main) refers to tim.o(.text.MX_TIM3_Init) for MX_TIM3_Init
    main.o(.text.main) refers to tim.o(.text.MX_TIM2_Init) for MX_TIM2_Init
    main.o(.text.main) refers to tim.o(.text.MX_TIM1_Init) for MX_TIM1_Init
    main.o(.text.main) refers to tim.o(.text.MX_TIM6_Init) for MX_TIM6_Init
    main.o(.text.main) refers to capture.o(.text.Water_Disable) for Water_Disable
    main.o(.text.main) refers to process.o(.text.Get_Buffer_Init) for Get_Buffer_Init
    main.o(.text.main) refers to tim.o(.bss.htim3) for htim3
    main.o(.text.main) refers to stm32h5xx_hal_tim.o(.text.HAL_TIM_PWM_Init) for HAL_TIM_PWM_Init
    main.o(.text.main) refers to tim.o(.bss.htim2) for htim2
    main.o(.text.main) refers to process.o(.text.Data_Process) for Data_Process
    main.o(.ARM.exidx.text.main) refers to main.o(.text.main) for [Anonymous Symbol]
    main.o(.text.SystemClock_Config) refers to memseta.o(.text) for __aeabi_memclr4
    main.o(.text.SystemClock_Config) refers to stm32h5xx_hal_rcc.o(.text.HAL_RCC_OscConfig) for HAL_RCC_OscConfig
    main.o(.text.SystemClock_Config) refers to main.o(.text.Error_Handler) for Error_Handler
    main.o(.text.SystemClock_Config) refers to stm32h5xx_hal_rcc.o(.text.HAL_RCC_ClockConfig) for HAL_RCC_ClockConfig
    main.o(.ARM.exidx.text.SystemClock_Config) refers to main.o(.text.SystemClock_Config) for [Anonymous Symbol]
    main.o(.ARM.exidx.text.Error_Handler) refers to main.o(.text.Error_Handler) for [Anonymous Symbol]
    gpio.o(.text.MX_GPIO_Init) refers to stm32h5xx_hal_gpio.o(.text.HAL_GPIO_Init) for HAL_GPIO_Init
    gpio.o(.text.MX_GPIO_Init) refers to stm32h5xx_hal_cortex.o(.text.HAL_NVIC_SetPriority) for HAL_NVIC_SetPriority
    gpio.o(.text.MX_GPIO_Init) refers to stm32h5xx_hal_cortex.o(.text.HAL_NVIC_EnableIRQ) for HAL_NVIC_EnableIRQ
    gpio.o(.ARM.exidx.text.MX_GPIO_Init) refers to gpio.o(.text.MX_GPIO_Init) for [Anonymous Symbol]
    icache.o(.text.MX_ICACHE_Init) refers to stm32h5xx_hal_icache.o(.text.HAL_ICACHE_ConfigAssociativityMode) for HAL_ICACHE_ConfigAssociativityMode
    icache.o(.text.MX_ICACHE_Init) refers to main.o(.text.Error_Handler) for Error_Handler
[...]
    Removing stm32h5xx_hal_uart_ex.o(.ARM.exidx.text.UARTEx_SetNbDataToProcess), (8 bytes).
    Removing stm32h5xx_hal_uart_ex.o(.ARM.exidx.text.HAL_UARTEx_DisableFifoMode), (8 bytes).
    Removing stm32h5xx_hal_uart_ex.o(.ARM.exidx.text.HAL_UARTEx_SetTxFifoThreshold), (8 bytes).
    Removing stm32h5xx_hal_uart_ex.o(.ARM.exidx.text.HAL_UARTEx_SetRxFifoThreshold), (8 bytes).
    Removing stm32h5xx_hal_uart_ex.o(.text.HAL_UARTEx_ReceiveToIdle), (560 bytes).
    Removing stm32h5xx_hal_uart_ex.o(.ARM.exidx.text.HAL_UARTEx_ReceiveToIdle), (8 bytes).
    Removing stm32h5xx_hal_uart_ex.o(.text.HAL_UARTEx_ReceiveToIdle_IT), (168 bytes).
    Removing stm32h5xx_hal_uart_ex.o(.ARM.exidx.text.HAL_UARTEx_ReceiveToIdle_IT), (8 bytes).
    Removing stm32h5xx_hal_uart_ex.o(.text.HAL_UARTEx_ReceiveToIdle_DMA), (176 bytes).
    Removing stm32h5xx_hal_uart_ex.o(.ARM.exidx.text.HAL_UARTEx_ReceiveToIdle_DMA), (8 bytes).
    Removing stm32h5xx_hal_uart_ex.o(.text.HAL_UARTEx_GetRxEventType), (12 bytes).
    Removing stm32h5xx_hal_uart_ex.o(.ARM.exidx.text.HAL_UARTEx_GetRxEventType), (8 bytes).
    Removing system_stm32h5xx.o(.text), (0 bytes).
    Removing system_stm32h5xx.o(.ARM.exidx.text.SystemInit), (8 bytes).
    Removing system_stm32h5xx.o(.text.SystemCoreClockUpdate), (632 bytes).
    Removing system_stm32h5xx.o(.ARM.exidx.text.SystemCoreClockUpdate), (8 bytes).
    Removing capture.o(.text), (0 bytes).
    Removing capture.o(.text.Capture_Detect), (194 bytes).
    Removing capture.o(.ARM.exidx.text.Capture_Detect), (8 bytes).
    Removing capture.o(.ARM.exidx.text.Water_Disable), (8 bytes).
    Removing capture.o(.ARM.exidx.text.HAL_EXTI_CLEAR_IT), (8 bytes).
    Removing capture.o(.ARM.exidx.text.HAL_EXTI_ENABLE), (8 bytes).
    Removing capture.o(.ARM.exidx.text.HAL_TIM_PWM_PulseFinishedCallback), (8 bytes).
    Removing capture.o(.ARM.exidx.text.HAL_TIM_PeriodElapsedCallback), (8 bytes).
    Removing capture.o(.ARM.exidx.text.HAL_GPIO_EXTI_Rising_Callback), (8 bytes).
    Removing delay.o(.text), (0 bytes).
    Removing delay.o(.text.delay_us), (136 bytes).
    Removing delay.o(.ARM.exidx.text.delay_us), (8 bytes).
    Removing delay.o(.text.delay_ms), (44 bytes).
    Removing delay.o(.ARM.exidx.text.delay_ms), (8 bytes).
    Removing process.o(.text), (0 bytes).
    Removing process.o(.ARM.exidx.text.Get_Buffer_Init), (8 bytes).
    Removing process.o(.ARM.exidx.text.UART_GetChar), (8 bytes).
    Removing process.o(.ARM.exidx.text.Wait_Tx_Complete), (8 bytes).
    Removing process.o(.text.Wait_Rx_Complete), (32 bytes).
    Removing process.o(.ARM.exidx.text.Wait_Rx_Complete), (8 bytes).
    Removing process.o(.ARM.exidx.text.HAL_UART_TxCpltCallback), (8 bytes).
    Removing process.o(.ARM.exidx.text.HAL_UART_RxCpltCallback), (8 bytes).
    Removing process.o(.ARM.exidx.text.Data_Verify), (8 bytes).
    Removing process.o(.ARM.exidx.text.Back_Order_Process), (8 bytes).
    Removing process.o(.ARM.exidx.text.Data_Process), (8 bytes).
    Removing process.o(.ARM.exidx.text.Water_Status), (8 bytes).
    Removing process.o(.ARM.exidx.text.Water_Speed), (8 bytes).
    Removing process.o(.bss.receive_sucess), (1 bytes).
    Removing process.o(.bss.getbuffer), (100 bytes).
    Removing buffer.o(.text), (0 bytes).
    Removing buffer.o(.ARM.exidx.text.Circle_Buffer_Init), (8 bytes).
    Removing buffer.o(.ARM.exidx.text.Circle_Read), (8 bytes).
    Removing buffer.o(.ARM.exidx.text.Circle_Write), (8 bytes).

1203 unused section(s) (total 81041 bytes) removed from the image.

==============================================================================

Image Symbol Table

    Local Symbols

    Symbol Name                              Value     Ov Type        Size  Object(Section)

    ../clib/microlib/division.c              0x00000000   Number         0  uldiv.o ABSOLUTE
    ../clib/microlib/init/entry.s            0x00000000   Number         0  entry.o ABSOLUTE
    ../clib/microlib/init/entry.s            0x00000000   Number         0  entry2.o ABSOLUTE
    ../clib/microlib/init/entry.s            0x00000000   Number         0  entry5.o ABSOLUTE
    ../clib/microlib/init/entry.s            0x00000000   Number         0  entry7a.o ABSOLUTE
    ../clib/microlib/init/entry.s            0x00000000   Number         0  entry7b.o ABSOLUTE
    ../clib/microlib/init/entry.s            0x00000000   Number         0  entry8a.o ABSOLUTE
    ../clib/microlib/init/entry.s            0x00000000   Number         0  entry8b.o ABSOLUTE
    ../clib/microlib/init/entry.s            0x00000000   Number         0  entry9a.o ABSOLUTE
    ../clib/microlib/init/entry.s            0x00000000   Number         0  entry9b.o ABSOLUTE
    ../clib/microlib/init/entry.s            0x00000000   Number         0  entry10a.o ABSOLUTE
    ../clib/microlib/init/entry.s            0x00000000   Number         0  entry10b.o ABSOLUTE
    ../clib/microlib/init/entry.s            0x00000000   Number         0  entry11a.o ABSOLUTE
    ../clib/microlib/init/entry.s            0x00000000   Number         0  entry11b.o ABSOLUTE
    ../clib/microlib/longlong.c              0x00000000   Number         0  llshl.o ABSOLUTE
    ../clib/microlib/longlong.c              0x00000000   Number         0  llushr.o ABSOLUTE
    ../clib/microlib/string/memset.c         0x00000000   Number         0  memseta.o ABSOLUTE
    buffer.c                                 0x00000000   Number         0  buffer.o ABSOLUTE
    capture.c                                0x00000000   Number         0  capture.o ABSOLUTE
    dc.s                                     0x00000000   Number         0  dc.o ABSOLUTE
    delay.c                                  0x00000000   Number         0  delay.o ABSOLUTE
    gpio.c                                   0x00000000   Number         0  gpio.o ABSOLUTE
    handlers.s                               0x00000000   Number         0  handlers.o ABSOLUTE
    icache.c                                 0x00000000   Number         0  icache.o ABSOLUTE
    init.s                                   0x00000000   Number         0  init.o ABSOLUTE
    main.c                                   0x00000000   Number         0  main.o ABSOLUTE
    memorymap.c                              0x00000000   Number         0  memorymap.o ABSOLUTE
    process.c                                0x00000000   Number         0  process.o ABSOLUTE
    startup_stm32h503xx.s                    0x00000000   Number         0  startup_stm32h503xx.o ABSOLUTE
    stm32h5xx_hal.c                          0x00000000   Number         0  stm32h5xx_hal.o ABSOLUTE
    stm32h5xx_hal_cortex.c                   0x00000000   Number         0  stm32h5xx_hal_cortex.o ABSOLUTE
    stm32h5xx_hal_dma.c                      0x00000000   Number         0  stm32h5xx_hal_dma.o ABSOLUTE
    stm32h5xx_hal_dma_ex.c                   0x00000000   Number         0  stm32h5xx_hal_dma_ex.o ABSOLUTE
    stm32h5xx_hal_exti.c                     0x00000000   Number         0  stm32h5xx_hal_exti.o ABSOLUTE
    stm32h5xx_hal_flash.c                    0x00000000   Number         0  stm32h5xx_hal_flash.o ABSOLUTE
    stm32h5xx_hal_flash_ex.c                 0x00000000   Number         0  stm32h5xx_hal_flash_ex.o ABSOLUTE
    stm32h5xx_hal_gpio.c                     0x00000000   Number         0  stm32h5xx_hal_gpio.o ABSOLUTE
    stm32h5xx_hal_icache.c                   0x00000000   Number         0  stm32h5xx_hal_icache.o ABSOLUTE
    stm32h5xx_hal_msp.c                      0x00000000   Number         0  stm32h5xx_hal_msp.o ABSOLUTE
    stm32h5xx_hal_pwr.c                      0x00000000   Number         0  stm32h5xx_hal_pwr.o ABSOLUTE
    stm32h5xx_hal_pwr_ex.c                   0x00000000   Number         0  stm32h5xx_hal_pwr_ex.o ABSOLUTE
    stm32h5xx_hal_rcc.c                      0x00000000   Number         0  stm32h5xx_hal_rcc.o ABSOLUTE
    stm32h5xx_hal_rcc_ex.c                   0x00000000   Number         0  stm32h5xx_hal_rcc_ex.o ABSOLUTE
    stm32h5xx_hal_tim.c                      0x00000000   Number         0  stm32h5xx_hal_tim.o ABSOLUTE
    stm32h5xx_hal_tim_ex.c                   0x00000000   Number         0  stm32h5xx_hal_tim_ex.o ABSOLUTE
    stm32h5xx_hal_uart.c                     0x00000000   Number         0  stm32h5xx_hal_uart.o ABSOLUTE
    stm32h5xx_hal_uart_ex.c                  0x00000000   Number         0  stm32h5xx_hal_uart_ex.o ABSOLUTE
    stm32h5xx_it.c                           0x00000000   Number         0  stm32h5xx_it.o ABSOLUTE
    system_stm32h5xx.c                       0x00000000   Number         0  system_stm32h5xx.o ABSOLUTE
    tim.c                                    0x00000000   Number         0  tim.o ABSOLUTE
    usart.c                                  0x00000000   Number         0  usart.o ABSOLUTE
    RESET                                    0x08000000   Section      600  startup_stm32h503xx.o(RESET)
    .ARM.Collect$$$$00000000                 0x08000258   Section        0  entry.o(.ARM.Collect$$$$00000000)
    .ARM.Collect$$$$00000001                 0x08000258   Section        4  entry2.o(.ARM.Collect$$$$00000001)
    .ARM.Collect$$$$00000004                 0x0800025c   Section        4  entry5.o(.ARM.Collect$$$$00000004)
    .ARM.Collect$$$$00000008                 0x08000260   Section        0  entry7b.o(.ARM.Collect$$$$00000008)
    .ARM.Collect$$$$0000000A                 0x08000260   Section        0  entry8b.o(.ARM.Collect$$$$0000000A)
    .ARM.Collect$$$$0000000B                 0x08000260   Section        8  entry9a.o(.ARM.Collect$$$$0000000B)
    __lit__00000000                          0x08000268   Data           4  entry2.o(.ARM.Collect$$$$00002712)
    .ARM.Collect$$$$0000000D                 0x08000268   Section        0  entry10a.o(.ARM.Collect$$$$0000000D)
    .ARM.Collect$$$$0000000F                 0x08000268   Section        0  entry11a.o(.ARM.Collect$$$$0000000F)
    .ARM.Collect$$$$00002712                 0x08000268   Section        4  entry2.o(.ARM.Collect$$$$00002712)
    $v0                                      0x0800026c   Number         0  startup_stm32h503xx.o(.text)
    .text                                    0x0800026c   Section       40  startup_stm32h503xx.o(.text)
    .text                                    0x08000294   Section        0  uldiv.o(.text)
    .text                                    0x080002f6   Section        0  memseta.o(.text)
    .text                                    0x0800031a   Section        0  llshl.o(.text)
    .text                                    0x08000338   Section        0  llushr.o(.text)
    .text                                    0x08000358   Section       36  init.o(.text)
    [Anonymous Symbol]                       0x0800037c   Section        0  process.o(.text.Back_Order_Process)
    [Anonymous Symbol]                       0x080003f4   Section        0  stm32h5xx_it.o(.text.BusFault_Handler)
    [Anonymous Symbol]                       0x080003f8   Section        0  buffer.o(.text.Circle_Buffer_Init)
    [Anonymous Symbol]                       0x0800041c   Section        0  buffer.o(.text.Circle_Read)
    [Anonymous Symbol]                       0x0800046c   Section        0  buffer.o(.text.Circle_Write)
    [Anonymous Symbol]                       0x080004c4   Section        0  process.o(.text.Data_Process)
    [Anonymous Symbol]                       0x08000510   Section        0  process.o(.text.Data_Verify)
    [Anonymous Symbol]                       0x080005bc   Section        0  stm32h5xx_it.o(.text.DebugMon_Handler)
    [Anonymous Symbol]                       0x080005c0   Section        0  stm32h5xx_it.o(.text.EXTI10_IRQHandler)
    [Anonymous Symbol]                       0x080005cc   Section        0  stm32h5xx_it.o(.text.EXTI2_IRQHandler)
    [Anonymous Symbol]                       0x080005d8   Section        0  stm32h5xx_it.o(.text.EXTI5_IRQHandler)
    [Anonymous Symbol]                       0x080005e4   Section        0  stm32h5xx_it.o(.text.EXTI6_IRQHandler)
    [Anonymous Symbol]                       0x080005f0   Section        0  main.o(.text.Error_Handler)
    [Anonymous Symbol]                       0x080005f8   Section        0  process.o(.text.Get_Buffer_Init)
    [Anonymous Symbol]                       0x08000628   Section        0  stm32h5xx_hal_dma.o(.text.HAL_DMA_Abort)
    [Anonymous Symbol]                       0x08000740   Section        0  stm32h5xx_hal_dma.o(.text.HAL_DMA_Abort_IT)
    [Anonymous Symbol]                       0x08000794   Section        0  capture.o(.text.HAL_EXTI_CLEAR_IT)
    [Anonymous Symbol]                       0x08000800   Section        0  capture.o(.text.HAL_EXTI_ENABLE)
    [Anonymous Symbol]                       0x0800081c   Section        0  stm32h5xx_hal_gpio.o(.text.HAL_GPIO_EXTI_Falling_Callback)
    [Anonymous Symbol]                       0x08000828   Section        0  stm32h5xx_hal_gpio.o(.text.HAL_GPIO_EXTI_IRQHandler)
    [Anonymous Symbol]                       0x0800088c   Section        0  capture.o(.text.HAL_GPIO_EXTI_Rising_Callback)
    [Anonymous Symbol]                       0x0800097c   Section        0  stm32h5xx_hal_gpio.o(.text.HAL_GPIO_Init)
    [Anonymous Symbol]                       0x08000c4c   Section        0  stm32h5xx_hal.o(.text.HAL_GetTick)
    [Anonymous Symbol]                       0x08000c58   Section        0  stm32h5xx_hal_icache.o(.text.HAL_ICACHE_ConfigAssociativityMode)
    [Anonymous Symbol]                       0x08000c98   Section        0  stm32h5xx_hal_icache.o(.text.HAL_ICACHE_Enable)
    [Anonymous Symbol]                       0x08000cac   Section        0  stm32h5xx_hal.o(.text.HAL_IncTick)
    [Anonymous Symbol]                       0x08000cc8   Section        0  stm32h5xx_hal.o(.text.HAL_Init)
    [Anonymous Symbol]                       0x08000d20   Section        0  stm32h5xx_hal.o(.text.HAL_InitTick)
    [Anonymous Symbol]                       0x08000da8   Section        0  stm32h5xx_hal_msp.o(.text.HAL_MspInit)
    [Anonymous Symbol]                       0x08000dac   Section        0  stm32h5xx_hal_cortex.o(.text.HAL_NVIC_DisableIRQ)
    [Anonymous Symbol]                       0x08000dc0   Section        0  stm32h5xx_hal_cortex.o(.text.HAL_NVIC_EnableIRQ)
    [Anonymous Symbol]                       0x08000dd4   Section        0  stm32h5xx_hal_cortex.o(.text.HAL_NVIC_SetPriority)
    [Anonymous Symbol]                       0x08000e04   Section        0  stm32h5xx_hal_cortex.o(.text.HAL_NVIC_SetPriorityGrouping)
    [Anonymous Symbol]                       0x08000e14   Section        0  stm32h5xx_hal_rcc_ex.o(.text.HAL_RCCEx_GetPLL1ClockFreq)
    [Anonymous Symbol]                       0x0800110c   Section        0  stm32h5xx_hal_rcc_ex.o(.text.HAL_RCCEx_GetPLL2ClockFreq)
    [Anonymous Symbol]                       0x08001404   Section        0  stm32h5xx_hal_rcc_ex.o(.text.HAL_RCCEx_GetPeriphCLKFreq)
    [Anonymous Symbol]                       0x080023f4   Section        0  stm32h5xx_hal_rcc_ex.o(.text.HAL_RCCEx_PeriphCLKConfig)
    [Anonymous Symbol]                       0x08002e90   Section        0  stm32h5xx_hal_rcc.o(.text.HAL_RCC_ClockConfig)
    [Anonymous Symbol]                       0x08003324   Section        0  stm32h5xx_hal_rcc.o(.text.HAL_RCC_GetHCLKFreq)
    [Anonymous Symbol]                       0x08003358   Section        0  stm32h5xx_hal_rcc.o(.text.HAL_RCC_GetPCLK1Freq)
    [Anonymous Symbol]                       0x08003380   Section        0  stm32h5xx_hal_rcc.o(.text.HAL_RCC_GetPCLK2Freq)
    [Anonymous Symbol]                       0x080033a8   Section        0  stm32h5xx_hal_rcc.o(.text.HAL_RCC_GetPCLK3Freq)
    [Anonymous Symbol]                       0x080033d0   Section        0  stm32h5xx_hal_rcc.o(.text.HAL_RCC_GetSysClockFreq)
    [Anonymous Symbol]                       0x0800369c   Section        0  stm32h5xx_hal_rcc.o(.text.HAL_RCC_OscConfig)
    [Anonymous Symbol]                       0x08004098   Section        0  stm32h5xx_hal_cortex.o(.text.HAL_SYSTICK_Config)
    [Anonymous Symbol]                       0x080040a8   Section        0  stm32h5xx_hal_tim_ex.o(.text.HAL_TIMEx_Break2Callback)
    [Anonymous Symbol]                       0x080040b0   Section        0  stm32h5xx_hal_tim_ex.o(.text.HAL_TIMEx_BreakCallback)
    [Anonymous Symbol]                       0x080040b8   Section        0  stm32h5xx_hal_tim_ex.o(.text.HAL_TIMEx_CommutCallback)
    [Anonymous Symbol]                       0x080040c0   Section        0  stm32h5xx_hal_tim_ex.o(.text.HAL_TIMEx_DirectionChangeCallback)
    [Anonymous Symbol]                       0x080040c8   Section        0  stm32h5xx_hal_tim_ex.o(.text.HAL_TIMEx_EncoderIndexCallback)
    [Anonymous Symbol]                       0x080040d0   Section        0  stm32h5xx_hal_tim_ex.o(.text.HAL_TIMEx_IndexErrorCallback)
    [Anonymous Symbol]                       0x080040d8   Section        0  stm32h5xx_hal_tim_ex.o(.text.HAL_TIMEx_MasterConfigSynchronization)
    [Anonymous Symbol]                       0x080041d0   Section        0  stm32h5xx_hal_tim_ex.o(.text.HAL_TIMEx_TransitionErrorCallback)
    [Anonymous Symbol]                       0x080041d8   Section        0  stm32h5xx_hal_tim.o(.text.HAL_TIM_Base_Init)
    [Anonymous Symbol]                       0x08004280   Section        0  tim.o(.text.HAL_TIM_Base_MspInit)
    [Anonymous Symbol]                       0x0800439c   Section        0  stm32h5xx_hal_tim.o(.text.HAL_TIM_Base_Start_IT)
    [Anonymous Symbol]                       0x08004448   Section        0  stm32h5xx_hal_tim.o(.text.HAL_TIM_Base_Stop_IT)
    [Anonymous Symbol]                       0x0800449c   Section        0  stm32h5xx_hal_tim.o(.text.HAL_TIM_ConfigClockSource)
    [Anonymous Symbol]                       0x080046a4   Section        0  stm32h5xx_hal_tim.o(.text.HAL_TIM_IC_CaptureCallback)
    [Anonymous Symbol]                       0x080046ac   Section        0  stm32h5xx_hal_tim.o(.text.HAL_TIM_IRQHandler)
    [Anonymous Symbol]                       0x080049a0   Section        0  tim.o(.text.HAL_TIM_MspPostInit)
    [Anonymous Symbol]                       0x08004a78   Section        0  stm32h5xx_hal_tim.o(.text.HAL_TIM_OC_DelayElapsedCallback)
    [Anonymous Symbol]                       0x08004a80   Section        0  stm32h5xx_hal_tim.o(.text.HAL_TIM_PWM_ConfigChannel)
    [Anonymous Symbol]                       0x08004c30   Section        0  stm32h5xx_hal_tim.o(.text.HAL_TIM_PWM_Init)
    [Anonymous Symbol]                       0x08004cd8   Section        0  stm32h5xx_hal_tim.o(.text.HAL_TIM_PWM_MspInit)
    [Anonymous Symbol]                       0x08004ce0   Section        0  capture.o(.text.HAL_TIM_PWM_PulseFinishedCallback)
    [Anonymous Symbol]                       0x08004e48   Section        0  stm32h5xx_hal_tim.o(.text.HAL_TIM_PWM_Start_IT)
    [Anonymous Symbol]                       0x08005078   Section        0  stm32h5xx_hal_tim.o(.text.HAL_TIM_PWM_Stop_IT)
    [Anonymous Symbol]                       0x08005204   Section        0  capture.o(.text.HAL_TIM_PeriodElapsedCallback)
    [Anonymous Symbol]                       0x080052c8   Section        0  stm32h5xx_hal_tim.o(.text.HAL_TIM_TriggerCallback)
    [Anonymous Symbol]                       0x080052d0   Section        0  stm32h5xx_hal_uart_ex.o(.text.HAL_UARTEx_DisableFifoMode)
    [Anonymous Symbol]                       0x0800534c   Section        0  stm32h5xx_hal_uart.o(.text.HAL_UARTEx_RxEventCallback)
    [Anonymous Symbol]                       0x08005358   Section        0  stm32h5xx_hal_uart_ex.o(.text.HAL_UARTEx_RxFifoFullCallback)
    [Anonymous Symbol]                       0x08005360   Section        0  stm32h5xx_hal_uart_ex.o(.text.HAL_UARTEx_SetRxFifoThreshold)
    [Anonymous Symbol]                       0x080053ec   Section        0  stm32h5xx_hal_uart_ex.o(.text.HAL_UARTEx_SetTxFifoThreshold)
    [Anonymous Symbol]                       0x08005478   Section        0  stm32h5xx_hal_uart_ex.o(.text.HAL_UARTEx_TxFifoEmptyCallback)
    [Anonymous Symbol]                       0x08005480   Section        0  stm32h5xx_hal_uart_ex.o(.text.HAL_UARTEx_WakeupCallback)
    [Anonymous Symbol]                       0x08005488   Section        0  stm32h5xx_hal_uart.o(.text.HAL_UART_ErrorCallback)
    [Anonymous Symbol]                       0x08005490   Section        0  stm32h5xx_hal_uart.o(.text.HAL_UART_IRQHandler)
    [Anonymous Symbol]                       0x0800599c   Section        0  stm32h5xx_hal_uart.o(.text.HAL_UART_Init)
    [Anonymous Symbol]                       0x08005a48   Section        0  usart.o(.text.HAL_UART_MspInit)
    [Anonymous Symbol]                       0x08005b08   Section        0  stm32h5xx_hal_uart.o(.text.HAL_UART_Receive_IT)
    [Anonymous Symbol]                       0x08005bc4   Section        0  process.o(.text.HAL_UART_RxCpltCallback)
    [Anonymous Symbol]                       0x08005dd4   Section        0  stm32h5xx_hal_uart.o(.text.HAL_UART_Transmit_IT)
    [Anonymous Symbol]                       0x08005f20   Section        0  process.o(.text.HAL_UART_TxCpltCallback)
    [Anonymous Symbol]                       0x08005f34   Section        0  stm32h5xx_it.o(.text.HardFault_Handler)
    [Anonymous Symbol]                       0x08005f38   Section        0  gpio.o(.text.MX_GPIO_Init)
    [Anonymous Symbol]                       0x08006030   Section        0  icache.o(.text.MX_ICACHE_Init)
    [Anonymous Symbol]                       0x08006054   Section        0  tim.o(.text.MX_TIM1_Init)
    [Anonymous Symbol]                       0x080060e0   Section        0  tim.o(.text.MX_TIM2_Init)
    [Anonymous Symbol]                       0x080061d4   Section        0  tim.o(.text.MX_TIM3_Init)
    [Anonymous Symbol]                       0x080062cc   Section        0  tim.o(.text.MX_TIM6_Init)
    [Anonymous Symbol]                       0x08006328   Section        0  usart.o(.text.MX_USART1_UART_Init)
    [Anonymous Symbol]                       0x080063b8   Section        0  stm32h5xx_it.o(.text.MemManage_Handler)
    [Anonymous Symbol]                       0x080063bc   Section        0  stm32h5xx_it.o(.text.NMI_Handler)
    NVIC_EncodePriority                      0x080063c1   Thumb Code   108  stm32h5xx_hal_cortex.o(.text.NVIC_EncodePriority)
    [Anonymous Symbol]                       0x080063c0   Section        0  stm32h5xx_hal_cortex.o(.text.NVIC_EncodePriority)
    [Anonymous Symbol]                       0x0800642c   Section        0  stm32h5xx_it.o(.text.PendSV_Handler)
    RCCEx_PLL2_Config                        0x08006431   Thumb Code   364  stm32h5xx_hal_rcc_ex.o(.text.RCCEx_PLL2_Config)
    [Anonymous Symbol]                       0x08006430   Section        0  stm32h5xx_hal_rcc_ex.o(.text.RCCEx_PLL2_Config)
    [Anonymous Symbol]                       0x0800659c   Section        0  stm32h5xx_it.o(.text.SVC_Handler)
    SysTick_Config                           0x080065a1   Thumb Code    82  stm32h5xx_hal_cortex.o(.text.SysTick_Config)
    [Anonymous Symbol]                       0x080065a0   Section        0  stm32h5xx_hal_cortex.o(.text.SysTick_Config)
    [Anonymous Symbol]                       0x080065f4   Section        0  stm32h5xx_it.o(.text.SysTick_Handler)
    [Anonymous Symbol]                       0x080065fc   Section        0  main.o(.text.SystemClock_Config)
    [Anonymous Symbol]                       0x080066ac   Section        0  system_stm32h5xx.o(.text.SystemInit)
    [Anonymous Symbol]                       0x080067c4   Section        0  stm32h5xx_it.o(.text.TIM1_UP_IRQHandler)
    [Anonymous Symbol]                       0x080067d4   Section        0  stm32h5xx_it.o(.text.TIM2_IRQHandler)
    [Anonymous Symbol]                       0x080067e4   Section        0  stm32h5xx_it.o(.text.TIM3_IRQHandler)
    [Anonymous Symbol]                       0x080067f4   Section        0  stm32h5xx_it.o(.text.TIM6_IRQHandler)
    [Anonymous Symbol]                       0x08006804   Section        0  stm32h5xx_hal_tim.o(.text.TIM_Base_SetConfig)
    [Anonymous Symbol]                       0x080068d4   Section        0  stm32h5xx_hal_tim.o(.text.TIM_CCxChannelCmd)
    [Anonymous Symbol]                       0x0800690c   Section        0  stm32h5xx_hal_tim.o(.text.TIM_ETR_SetConfig)
    TIM_ITRx_SetConfig                       0x08006941   Thumb Code    48  stm32h5xx_hal_tim.o(.text.TIM_ITRx_SetConfig)
    [Anonymous Symbol]                       0x08006940   Section        0  stm32h5xx_hal_tim.o(.text.TIM_ITRx_SetConfig)
    TIM_OC1_SetConfig                        0x08006971   Thumb Code   212  stm32h5xx_hal_tim.o(.text.TIM_OC1_SetConfig)
    [Anonymous Symbol]                       0x08006970   Section        0  stm32h5xx_hal_tim.o(.text.TIM_OC1_SetConfig)
    [Anonymous Symbol]                       0x08006a44   Section        0  stm32h5xx_hal_tim.o(.text.TIM_OC2_SetConfig)
    TIM_OC3_SetConfig                        0x08006b25   Thumb Code   220  stm32h5xx_hal_tim.o(.text.TIM_OC3_SetConfig)
    [Anonymous Symbol]                       0x08006b24   Section        0  stm32h5xx_hal_tim.o(.text.TIM_OC3_SetConfig)
    TIM_OC4_SetConfig                        0x08006c01   Thumb Code   222  stm32h5xx_hal_tim.o(.text.TIM_OC4_SetConfig)
    [Anonymous Symbol]                       0x08006c00   Section        0  stm32h5xx_hal_tim.o(.text.TIM_OC4_SetConfig)
    TIM_OC5_SetConfig                        0x08006ce1   Thumb Code   146  stm32h5xx_hal_tim.o(.text.TIM_OC5_SetConfig)
    [Anonymous Symbol]                       0x08006ce0   Section        0  stm32h5xx_hal_tim.o(.text.TIM_OC5_SetConfig)
    TIM_OC6_SetConfig                        0x08006d75   Thumb Code   148  stm32h5xx_hal_tim.o(.text.TIM_OC6_SetConfig)
    [Anonymous Symbol]                       0x08006d74   Section        0  stm32h5xx_hal_tim.o(.text.TIM_OC6_SetConfig)
    TIM_TI1_ConfigInputStage                 0x08006e09   Thumb Code    80  stm32h5xx_hal_tim.o(.text.TIM_TI1_ConfigInputStage)
    [Anonymous Symbol]                       0x08006e08   Section        0  stm32h5xx_hal_tim.o(.text.TIM_TI1_ConfigInputStage)
    TIM_TI2_ConfigInputStage                 0x08006e59   Thumb Code    82  stm32h5xx_hal_tim.o(.text.TIM_TI2_ConfigInputStage)
    [Anonymous Symbol]                       0x08006e58   Section        0  stm32h5xx_hal_tim.o(.text.TIM_TI2_ConfigInputStage)
    UARTEx_SetNbDataToProcess                0x08006ead   Thumb Code   138  stm32h5xx_hal_uart_ex.o(.text.UARTEx_SetNbDataToProcess)
    [Anonymous Symbol]                       0x08006eac   Section        0  stm32h5xx_hal_uart_ex.o(.text.UARTEx_SetNbDataToProcess)
    [Anonymous Symbol]                       0x08006f38   Section        0  stm32h5xx_hal_uart.o(.text.UART_AdvFeatureConfig)
    [Anonymous Symbol]                       0x08007080   Section        0  stm32h5xx_hal_uart.o(.text.UART_CheckIdleState)
    UART_DMAAbortOnError                     0x080071c9   Thumb Code    36  stm32h5xx_hal_uart.o(.text.UART_DMAAbortOnError)
    [Anonymous Symbol]                       0x080071c8   Section        0  stm32h5xx_hal_uart.o(.text.UART_DMAAbortOnError)
    UART_EndRxTransfer                       0x080071ed   Thumb Code   158  stm32h5xx_hal_uart.o(.text.UART_EndRxTransfer)
    [Anonymous Symbol]                       0x080071ec   Section        0  stm32h5xx_hal_uart.o(.text.UART_EndRxTransfer)
    UART_EndTransmit_IT                      0x0800728d   Thumb Code    68  stm32h5xx_hal_uart.o(.text.UART_EndTransmit_IT)
    [Anonymous Symbol]                       0x0800728c   Section        0  stm32h5xx_hal_uart.o(.text.UART_EndTransmit_IT)
    [Anonymous Symbol]                       0x080072d0   Section        0  process.o(.text.UART_GetChar)
    UART_RxISR_16BIT                         0x080072e9   Thumb Code   388  stm32h5xx_hal_uart.o(.text.UART_RxISR_16BIT)
    [Anonymous Symbol]                       0x080072e8   Section        0  stm32h5xx_hal_uart.o(.text.UART_RxISR_16BIT)
    UART_RxISR_16BIT_FIFOEN                  0x0800746d   Thumb Code   776  stm32h5xx_hal_uart.o(.text.UART_RxISR_16BIT_FIFOEN)
    [Anonymous Symbol]                       0x0800746c   Section        0  stm32h5xx_hal_uart.o(.text.UART_RxISR_16BIT_FIFOEN)
    UART_RxISR_8BIT                          0x08007775   Thumb Code   384  stm32h5xx_hal_uart.o(.text.UART_RxISR_8BIT)
    [Anonymous Symbol]                       0x08007774   Section        0  stm32h5xx_hal_uart.o(.text.UART_RxISR_8BIT)
    UART_RxISR_8BIT_FIFOEN                   0x080078f5   Thumb Code   772  stm32h5xx_hal_uart.o(.text.UART_RxISR_8BIT_FIFOEN)
    [Anonymous Symbol]                       0x080078f4   Section        0  stm32h5xx_hal_uart.o(.text.UART_RxISR_8BIT_FIFOEN)
    [Anonymous Symbol]                       0x08007bf8   Section        0  stm32h5xx_hal_uart.o(.text.UART_SetConfig)
    [Anonymous Symbol]                       0x08007ee8   Section        0  stm32h5xx_hal_uart.o(.text.UART_Start_Receive_IT)
    UART_TxISR_16BIT                         0x0800810d   Thumb Code   152  stm32h5xx_hal_uart.o(.text.UART_TxISR_16BIT)
    [Anonymous Symbol]                       0x0800810c   Section        0  stm32h5xx_hal_uart.o(.text.UART_TxISR_16BIT)
    UART_TxISR_16BIT_FIFOEN                  0x080081a5   Thumb Code   206  stm32h5xx_hal_uart.o(.text.UART_TxISR_16BIT_FIFOEN)
    [Anonymous Symbol]                       0x080081a4   Section        0  stm32h5xx_hal_uart.o(.text.UART_TxISR_16BIT_FIFOEN)
    UART_TxISR_8BIT                          0x08008275   Thumb Code   142  stm32h5xx_hal_uart.o(.text.UART_TxISR_8BIT)
    [Anonymous Symbol]                       0x08008274   Section        0  stm32h5xx_hal_uart.o(.text.UART_TxISR_8BIT)
    UART_TxISR_8BIT_FIFOEN                   0x08008305   Thumb Code   196  stm32h5xx_hal_uart.o(.text.UART_TxISR_8BIT_FIFOEN)
    [Anonymous Symbol]                       0x08008304   Section        0  stm32h5xx_hal_uart.o(.text.UART_TxISR_8BIT_FIFOEN)
    [Anonymous Symbol]                       0x080083c8   Section        0  stm32h5xx_hal_uart.o(.text.UART_WaitOnFlagUntilTimeout)
    [Anonymous Symbol]                       0x080084c4   Section        0  stm32h5xx_it.o(.text.USART1_IRQHandler)
    [Anonymous Symbol]                       0x080084d4   Section        0  stm32h5xx_it.o(.text.UsageFault_Handler)
    [Anonymous Symbol]                       0x080084d8   Section        0  process.o(.text.Wait_Tx_Complete)
    [Anonymous Symbol]                       0x080084f8   Section        0  capture.o(.text.Water_Disable)
    [Anonymous Symbol]                       0x08008514   Section        0  process.o(.text.Water_Speed)
    [Anonymous Symbol]                       0x0800859c   Section        0  process.o(.text.Water_Status)
    __NVIC_DisableIRQ                        0x08008631   Thumb Code    56  stm32h5xx_hal_cortex.o(.text.__NVIC_DisableIRQ)
    [Anonymous Symbol]                       0x08008630   Section        0  stm32h5xx_hal_cortex.o(.text.__NVIC_DisableIRQ)
    __NVIC_EnableIRQ                         0x08008669   Thumb Code    48  stm32h5xx_hal_cortex.o(.text.__NVIC_EnableIRQ)
    [Anonymous Symbol]                       0x08008668   Section        0  stm32h5xx_hal_cortex.o(.text.__NVIC_EnableIRQ)
    __NVIC_GetPriorityGrouping               0x08008699   Thumb Code    16  stm32h5xx_hal_cortex.o(.text.__NVIC_GetPriorityGrouping)
    [Anonymous Symbol]                       0x08008698   Section        0  stm32h5xx_hal_cortex.o(.text.__NVIC_GetPriorityGrouping)
    __NVIC_SetPriority                       0x080086a9   Thumb Code    66  stm32h5xx_hal_cortex.o(.text.__NVIC_SetPriority)
    [Anonymous Symbol]                       0x080086a8   Section        0  stm32h5xx_hal_cortex.o(.text.__NVIC_SetPriority)
    __NVIC_SetPriorityGrouping               0x080086ed   Thumb Code    60  stm32h5xx_hal_cortex.o(.text.__NVIC_SetPriorityGrouping)
    [Anonymous Symbol]                       0x080086ec   Section        0  stm32h5xx_hal_cortex.o(.text.__NVIC_SetPriorityGrouping)
    [Anonymous Symbol]                       0x08008728   Section        0  main.o(.text.main)
    i.__scatterload_copy                     0x0800877c   Section       14  handlers.o(i.__scatterload_copy)
    i.__scatterload_null                     0x0800878a   Section        2  handlers.o(i.__scatterload_null)
    i.__scatterload_zeroinit                 0x0800878c   Section       14  handlers.o(i.__scatterload_zeroinit)
    UARTEx_SetNbDataToProcess.denominator    0x080087b2   Data           8  stm32h5xx_hal_uart_ex.o(.rodata.UARTEx_SetNbDataToProcess.denominator)
    [Anonymous Symbol]                       0x080087b2   Section        0  stm32h5xx_hal_uart_ex.o(.rodata.UARTEx_SetNbDataToProcess.denominator)
    UARTEx_SetNbDataToProcess.numerator      0x080087ba   Data           8  stm32h5xx_hal_uart_ex.o(.rodata.UARTEx_SetNbDataToProcess.numerator)
    [Anonymous Symbol]                       0x080087ba   Section        0  stm32h5xx_hal_uart_ex.o(.rodata.UARTEx_SetNbDataToProcess.numerator)
    Getbuffer                                0x200000d8   Data         100  process.o(.bss.Getbuffer)
    [Anonymous Symbol]                       0x200000d8   Section        0  process.o(.bss.Getbuffer)
    Rxbuffer                                 0x20000140   Data          20  process.o(.bss.Rxbuffer)
    [Anonymous Symbol]                       0x20000140   Section        0  process.o(.bss.Rxbuffer)
    g_Rx_sign                                0x2000016c   Data           4  process.o(.bss.g_Rx_sign)
    [Anonymous Symbol]                       0x2000016c   Section        0  process.o(.bss.g_Rx_sign)
    g_Tx_sign                                0x20000170   Data           4  process.o(.bss.g_Tx_sign)
    [Anonymous Symbol]                       0x20000170   Section        0  process.o(.bss.g_Tx_sign)
    g_recvchar                               0x20000174   Data           1  process.o(.bss.g_recvchar)
    [Anonymous Symbol]                       0x20000174   Section        0  process.o(.bss.g_recvchar)
    STACK                                    0x20000348   Section     1024  startup_stm32h503xx.o(STACK)

    Global Symbols

    Symbol Name                              Value     Ov Type        Size  Object(Section)

    BuildAttributes$$THM_ISAv4$E$P$D$K$B$S$7EM$8M$VFPi5$EXTD16$VFPS$VFMA$PE$A:L22UL41UL21$X:L11$S22US41US21$IEEE1$IW$~IW$USESV6$~STKCKD$USESV7$~SHL$OSPACE$EBA8$MICROLIB$REQ8$PRES8$EABIv2 0x00000000   Number         0  anon$$obj.o ABSOLUTE
    __cpp_initialize__aeabi_                  - Undefined Weak Reference
    __cxa_finalize                            - Undefined Weak Reference
    __decompress                              - Undefined Weak Reference
    _clock_init                               - Undefined Weak Reference
    _microlib_exit                            - Undefined Weak Reference
    __Vectors_Size                           0x00000258   Number         0  startup_stm32h503xx.o ABSOLUTE
    __Vectors                                0x08000000   Data           4  startup_stm32h503xx.o(RESET)
    __Vectors_End                            0x08000258   Data           0  startup_stm32h503xx.o(RESET)
    __main                                   0x08000259   Thumb Code     0  entry.o(.ARM.Collect$$$$00000000)
    _main_stk                                0x08000259   Thumb Code     0  entry2.o(.ARM.Collect$$$$00000001)
    _main_scatterload                        0x0800025d   Thumb Code     0  entry5.o(.ARM.Collect$$$$00000004)
    __main_after_scatterload                 0x08000261   Thumb Code     0  entry5.o(.ARM.Collect$$$$00000004)
    _main_clock                              0x08000261   Thumb Code     0  entry7b.o(.ARM.Collect$$$$00000008)
    _main_cpp_init                           0x08000261   Thumb Code     0  entry8b.o(.ARM.Collect$$$$0000000A)
    _main_init                               0x08000261   Thumb Code     0  entry9a.o(.ARM.Collect$$$$0000000B)
    __rt_final_cpp                           0x08000269   Thumb Code     0  entry10a.o(.ARM.Collect$$$$0000000D)
    __rt_final_exit                          0x08000269   Thumb Code     0  entry11a.o(.ARM.Collect$$$$0000000F)
    Reset_Handler                            0x0800026d   Thumb Code     8  startup_stm32h503xx.o(.text)
    SecureFault_Handler                      0x0800027f   Thumb Code     2  startup_stm32h503xx.o(.text)
    ADC1_IRQHandler                          0x08000289   Thumb Code     0  startup_stm32h503xx.o(.text)
    COMP1_IRQHandler                         0x08000289   Thumb Code     0  startup_stm32h503xx.o(.text)
    CRS_IRQHandler                           0x08000289   Thumb Code     0  startup_stm32h503xx.o(.text)
    DAC1_IRQHandler                          0x08000289   Thumb Code     0  startup_stm32h503xx.o(.text)
    DTS_IRQHandler                           0x08000289   Thumb Code     0  startup_stm32h503xx.o(.text)
    EXTI0_IRQHandler                         0x08000289   Thumb Code     0  startup_stm32h503xx.o(.text)
    EXTI11_IRQHandler                        0x08000289   Thumb Code     0  startup_stm32h503xx.o(.text)
    EXTI12_IRQHandler                        0x08000289   Thumb Code     0  startup_stm32h503xx.o(.text)
    EXTI13_IRQHandler                        0x08000289   Thumb Code     0  startup_stm32h503xx.o(.text)
    EXTI14_IRQHandler                        0x08000289   Thumb Code     0  startup_stm32h503xx.o(.text)
    EXTI15_IRQHandler                        0x08000289   Thumb Code     0  startup_stm32h503xx.o(.text)
    EXTI1_IRQHandler                         0x08000289   Thumb Code     0  startup_stm32h503xx.o(.text)
    EXTI3_IRQHandler                         0x08000289   Thumb Code     0  startup_stm32h503xx.o(.text)
    EXTI4_IRQHandler                         0x08000289   Thumb Code     0  startup_stm32h503xx.o(.text)
    EXTI7_IRQHandler                         0x08000289   Thumb Code     0  startup_stm32h503xx.o(.text)
    EXTI8_IRQHandler                         0x08000289   Thumb Code     0  startup_stm32h503xx.o(.text)
    EXTI9_IRQHandler                         0x08000289   Thumb Code     0  startup_stm32h503xx.o(.text)
    FDCAN1_IT0_IRQHandler                    0x08000289   Thumb Code     0  startup_stm32h503xx.o(.text)
    FDCAN1_IT1_IRQHandler                    0x08000289   Thumb Code     0  startup_stm32h503xx.o(.text)
    FLASH_IRQHandler                         0x08000289   Thumb Code     0  startup_stm32h503xx.o(.text)
    FPU_IRQHandler                           0x08000289   Thumb Code     0  startup_stm32h503xx.o(.text)
    GPDMA1_Channel0_IRQHandler               0x08000289   Thumb Code     0  startup_stm32h503xx.o(.text)
    GPDMA1_Channel1_IRQHandler               0x08000289   Thumb Code     0  startup_stm32h503xx.o(.text)
    GPDMA1_Channel2_IRQHandler               0x08000289   Thumb Code     0  startup_stm32h503xx.o(.text)
    GPDMA1_Channel3_IRQHandler               0x08000289   Thumb Code     0  startup_stm32h503xx.o(.text)
    GPDMA1_Channel4_IRQHandler               0x08000289   Thumb Code     0  startup_stm32h503xx.o(.text)
    GPDMA1_Channel5_IRQHandler               0x08000289   Thumb Code     0  startup_stm32h503xx.o(.text)
    GPDMA1_Channel6_IRQHandler               0x08000289   Thumb Code     0  startup_stm32h503xx.o(.text)
    GPDMA1_Channel7_IRQHandler               0x08000289   Thumb Code     0  startup_stm32h503xx.o(.text)
    GPDMA2_Channel0_IRQHandler               0x08000289   Thumb Code     0  startup_stm32h503xx.o(.text)
    GPDMA2_Channel1_IRQHandler               0x08000289   Thumb Code     0  startup_stm32h503xx.o(.text)
    GPDMA2_Channel2_IRQHandler               0x08000289   Thumb Code     0  startup_stm32h503xx.o(.text)
    GPDMA2_Channel3_IRQHandler               0x08000289   Thumb Code     0  startup_stm32h503xx.o(.text)
    GPDMA2_Channel4_IRQHandler               0x08000289   Thumb Code     0  startup_stm32h503xx.o(.text)
    GPDMA2_Channel5_IRQHandler               0x08000289   Thumb Code     0  startup_stm32h503xx.o(.text)
    GPDMA2_Channel6_IRQHandler               0x08000289   Thumb Code     0  startup_stm32h503xx.o(.text)
    GPDMA2_Channel7_IRQHandler               0x08000289   Thumb Code     0  startup_stm32h503xx.o(.text)
    GTZC_IRQHandler                          0x08000289   Thumb Code     0  startup_stm32h503xx.o(.text)
    HASH_IRQHandler                          0x08000289   Thumb Code     0  startup_stm32h503xx.o(.text)
    I2C1_ER_IRQHandler                       0x08000289   Thumb Code     0  startup_stm32h503xx.o(.text)
    I2C1_EV_IRQHandler                       0x08000289   Thumb Code     0  startup_stm32h503xx.o(.text)
    I2C2_ER_IRQHandler                       0x08000289   Thumb Code     0  startup_stm32h503xx.o(.text)
    I2C2_EV_IRQHandler                       0x08000289   Thumb Code     0  startup_stm32h503xx.o(.text)
    I3C1_ER_IRQHandler                       0x08000289   Thumb Code     0  startup_stm32h503xx.o(.text)
    I3C1_EV_IRQHandler                       0x08000289   Thumb Code     0  startup_stm32h503xx.o(.text)
    I3C2_ER_IRQHandler                       0x08000289   Thumb Code     0  startup_stm32h503xx.o(.text)
    I3C2_EV_IRQHandler                       0x08000289   Thumb Code     0  startup_stm32h503xx.o(.text)
    ICACHE_IRQHandler                        0x08000289   Thumb Code     0  startup_stm32h503xx.o(.text)
    IWDG_IRQHandler                          0x08000289   Thumb Code     0  startup_stm32h503xx.o(.text)
    LPTIM1_IRQHandler                        0x08000289   Thumb Code     0  startup_stm32h503xx.o(.text)
    LPTIM2_IRQHandler                        0x08000289   Thumb Code     0  startup_stm32h503xx.o(.text)
    LPUART1_IRQHandler                       0x08000289   Thumb Code     0  startup_stm32h503xx.o(.text)
    PVD_AVD_IRQHandler                       0x08000289   Thumb Code     0  startup_stm32h503xx.o(.text)
    RAMCFG_IRQHandler                        0x08000289   Thumb Code     0  startup_stm32h503xx.o(.text)
    RCC_IRQHandler                           0x08000289   Thumb Code     0  startup_stm32h503xx.o(.text)
    RNG_IRQHandler                           0x08000289   Thumb Code     0  startup_stm32h503xx.o(.text)
    RTC_IRQHandler                           0x08000289   Thumb Code     0  startup_stm32h503xx.o(.text)
    SPI1_IRQHandler                          0x08000289   Thumb Code     0  startup_stm32h503xx.o(.text)
    SPI2_IRQHandler                          0x08000289   Thumb Code     0  startup_stm32h503xx.o(.text)
    SPI3_IRQHandler                          0x08000289   Thumb Code     0  startup_stm32h503xx.o(.text)
    TAMP_IRQHandler                          0x08000289   Thumb Code     0  startup_stm32h503xx.o(.text)
    TIM1_BRK_IRQHandler                      0x08000289   Thumb Code     0  startup_stm32h503xx.o(.text)
    TIM1_CC_IRQHandler                       0x08000289   Thumb Code     0  startup_stm32h503xx.o(.text)
    TIM1_TRG_COM_IRQHandler                  0x08000289   Thumb Code     0  startup_stm32h503xx.o(.text)
    TIM7_IRQHandler                          0x08000289   Thumb Code     0  startup_stm32h503xx.o(.text)
    USART2_IRQHandler                        0x08000289   Thumb Code     0  startup_stm32h503xx.o(.text)
    USART3_IRQHandler                        0x08000289   Thumb Code     0  startup_stm32h503xx.o(.text)
    USB_DRD_FS_IRQHandler                    0x08000289   Thumb Code     0  startup_stm32h503xx.o(.text)
    WWDG_IRQHandler                          0x08000289   Thumb Code     0  startup_stm32h503xx.o(.text)
    __aeabi_uldivmod                         0x08000295   Thumb Code    98  uldiv.o(.text)
    __aeabi_memset                           0x080002f7   Thumb Code    14  memseta.o(.text)
    __aeabi_memset4                          0x080002f7   Thumb Code     0  memseta.o(.text)
    __aeabi_memset8                          0x080002f7   Thumb Code     0  memseta.o(.text)
    __aeabi_memclr                           0x08000305   Thumb Code     4  memseta.o(.text)
    __aeabi_memclr4                          0x08000305   Thumb Code     0  memseta.o(.text)
    __aeabi_memclr8                          0x08000305   Thumb Code     0  memseta.o(.text)
    _memset$wrapper                          0x08000309   Thumb Code    18  memseta.o(.text)
    __aeabi_llsl                             0x0800031b   Thumb Code    30  llshl.o(.text)
    _ll_shift_l                              0x0800031b   Thumb Code     0  llshl.o(.text)
    __aeabi_llsr                             0x08000339   Thumb Code    32  llushr.o(.text)
    _ll_ushift_r                             0x08000339   Thumb Code     0  llushr.o(.text)
    __scatterload                            0x08000359   Thumb Code    28  init.o(.text)
    __scatterload_rt2                        0x08000359   Thumb Code     0  init.o(.text)
    Back_Order_Process                       0x0800037d   Thumb Code   120  process.o(.text.Back_Order_Process)
    BusFault_Handler                         0x080003f5   Thumb Code     4  stm32h5xx_it.o(.text.BusFault_Handler)
    Circle_Buffer_Init                       0x080003f9   Thumb Code    34  buffer.o(.text.Circle_Buffer_Init)
    Circle_Read                              0x0800041d   Thumb Code    78  buffer.o(.text.Circle_Read)
    Circle_Write                             0x0800046d   Thumb Code    86  buffer.o(.text.Circle_Write)
    Data_Process                             0x080004c5   Thumb Code    74  process.o(.text.Data_Process)
    Data_Verify                              0x08000511   Thumb Code   170  process.o(.text.Data_Verify)
    DebugMon_Handler                         0x080005bd   Thumb Code     2  stm32h5xx_it.o(.text.DebugMon_Handler)
    EXTI10_IRQHandler                        0x080005c1   Thumb Code    12  stm32h5xx_it.o(.text.EXTI10_IRQHandler)
    EXTI2_IRQHandler                         0x080005cd   Thumb Code    10  stm32h5xx_it.o(.text.EXTI2_IRQHandler)
    EXTI5_IRQHandler                         0x080005d9   Thumb Code    10  stm32h5xx_it.o(.text.EXTI5_IRQHandler)
    EXTI6_IRQHandler                         0x080005e5   Thumb Code    10  stm32h5xx_it.o(.text.EXTI6_IRQHandler)
    Error_Handler                            0x080005f1   Thumb Code     6  main.o(.text.Error_Handler)
    Get_Buffer_Init                          0x080005f9   Thumb Code    48  process.o(.text.Get_Buffer_Init)
    HAL_DMA_Abort                            0x08000629   Thumb Code   278  stm32h5xx_hal_dma.o(.text.HAL_DMA_Abort)
    HAL_DMA_Abort_IT                         0x08000741   Thumb Code    84  stm32h5xx_hal_dma.o(.text.HAL_DMA_Abort_IT)
    HAL_EXTI_CLEAR_IT                        0x08000795   Thumb Code   108  capture.o(.text.HAL_EXTI_CLEAR_IT)
    HAL_EXTI_ENABLE                          0x08000801   Thumb Code    28  capture.o(.text.HAL_EXTI_ENABLE)
    HAL_GPIO_EXTI_Falling_Callback           0x0800081d   Thumb Code    10  stm32h5xx_hal_gpio.o(.text.HAL_GPIO_EXTI_Falling_Callback)
    HAL_GPIO_EXTI_IRQHandler                 0x08000829   Thumb Code   100  stm32h5xx_hal_gpio.o(.text.HAL_GPIO_EXTI_IRQHandler)
    HAL_GPIO_EXTI_Rising_Callback            0x0800088d   Thumb Code   238  capture.o(.text.HAL_GPIO_EXTI_Rising_Callback)
    HAL_GPIO_Init                            0x0800097d   Thumb Code   718  stm32h5xx_hal_gpio.o(.text.HAL_GPIO_Init)
    HAL_GetTick                              0x08000c4d   Thumb Code    12  stm32h5xx_hal.o(.text.HAL_GetTick)
    HAL_ICACHE_ConfigAssociativityMode       0x08000c59   Thumb Code    64  stm32h5xx_hal_icache.o(.text.HAL_ICACHE_ConfigAssociativityMode)
    HAL_ICACHE_Enable                        0x08000c99   Thumb Code    20  stm32h5xx_hal_icache.o(.text.HAL_ICACHE_Enable)
    HAL_IncTick                              0x08000cad   Thumb Code    26  stm32h5xx_hal.o(.text.HAL_IncTick)
    HAL_Init                                 0x08000cc9   Thumb Code    88  stm32h5xx_hal.o(.text.HAL_Init)
    HAL_InitTick                             0x08000d21   Thumb Code   134  stm32h5xx_hal.o(.text.HAL_InitTick)
    HAL_MspInit                              0x08000da9   Thumb Code     2  stm32h5xx_hal_msp.o(.text.HAL_MspInit)
    HAL_NVIC_DisableIRQ                      0x08000dad   Thumb Code    20  stm32h5xx_hal_cortex.o(.text.HAL_NVIC_DisableIRQ)
    HAL_NVIC_EnableIRQ                       0x08000dc1   Thumb Code    20  stm32h5xx_hal_cortex.o(.text.HAL_NVIC_EnableIRQ)
    HAL_NVIC_SetPriority                     0x08000dd5   Thumb Code    46  stm32h5xx_hal_cortex.o(.text.HAL_NVIC_SetPriority)
    HAL_NVIC_SetPriorityGrouping             0x08000e05   Thumb Code    16  stm32h5xx_hal_cortex.o(.text.HAL_NVIC_SetPriorityGrouping)
    HAL_RCCEx_GetPLL1ClockFreq               0x08000e15   Thumb Code   760  stm32h5xx_hal_rcc_ex.o(.text.HAL_RCCEx_GetPLL1ClockFreq)
    HAL_RCCEx_GetPLL2ClockFreq               0x0800110d   Thumb Code   760  stm32h5xx_hal_rcc_ex.o(.text.HAL_RCCEx_GetPLL2ClockFreq)
    HAL_RCCEx_GetPeriphCLKFreq               0x08001405   Thumb Code  4080  stm32h5xx_hal_rcc_ex.o(.text.HAL_RCCEx_GetPeriphCLKFreq)
    HAL_RCCEx_PeriphCLKConfig                0x080023f5   Thumb Code  2714  stm32h5xx_hal_rcc_ex.o(.text.HAL_RCCEx_PeriphCLKConfig)
    HAL_RCC_ClockConfig                      0x08002e91   Thumb Code  1172  stm32h5xx_hal_rcc.o(.text.HAL_RCC_ClockConfig)
    HAL_RCC_GetHCLKFreq                      0x08003325   Thumb Code    52  stm32h5xx_hal_rcc.o(.text.HAL_RCC_GetHCLKFreq)
    HAL_RCC_GetPCLK1Freq                     0x08003359   Thumb Code    38  stm32h5xx_hal_rcc.o(.text.HAL_RCC_GetPCLK1Freq)
    HAL_RCC_GetPCLK2Freq                     0x08003381   Thumb Code    38  stm32h5xx_hal_rcc.o(.text.HAL_RCC_GetPCLK2Freq)
    HAL_RCC_GetPCLK3Freq                     0x080033a9   Thumb Code    38  stm32h5xx_hal_rcc.o(.text.HAL_RCC_GetPCLK3Freq)
    HAL_RCC_GetSysClockFreq                  0x080033d1   Thumb Code   716  stm32h5xx_hal_rcc.o(.text.HAL_RCC_GetSysClockFreq)
    HAL_RCC_OscConfig                        0x0800369d   Thumb Code  2556  stm32h5xx_hal_rcc.o(.text.HAL_RCC_OscConfig)
    HAL_SYSTICK_Config                       0x08004099   Thumb Code    16  stm32h5xx_hal_cortex.o(.text.HAL_SYSTICK_Config)
    HAL_TIMEx_Break2Callback                 0x080040a9   Thumb Code     8  stm32h5xx_hal_tim_ex.o(.text.HAL_TIMEx_Break2Callback)
    HAL_TIMEx_BreakCallback                  0x080040b1   Thumb Code     8  stm32h5xx_hal_tim_ex.o(.text.HAL_TIMEx_BreakCallback)
    HAL_TIMEx_CommutCallback                 0x080040b9   Thumb Code     8  stm32h5xx_hal_tim_ex.o(.text.HAL_TIMEx_CommutCallback)
    HAL_TIMEx_DirectionChangeCallback        0x080040c1   Thumb Code     8  stm32h5xx_hal_tim_ex.o(.text.HAL_TIMEx_DirectionChangeCallback)
    HAL_TIMEx_EncoderIndexCallback           0x080040c9   Thumb Code     8  stm32h5xx_hal_tim_ex.o(.text.HAL_TIMEx_EncoderIndexCallback)
    HAL_TIMEx_IndexErrorCallback             0x080040d1   Thumb Code     8  stm32h5xx_hal_tim_ex.o(.text.HAL_TIMEx_IndexErrorCallback)
    HAL_TIMEx_MasterConfigSynchronization    0x080040d9   Thumb Code   246  stm32h5xx_hal_tim_ex.o(.text.HAL_TIMEx_MasterConfigSynchronization)
    HAL_TIMEx_TransitionErrorCallback        0x080041d1   Thumb Code     8  stm32h5xx_hal_tim_ex.o(.text.HAL_TIMEx_TransitionErrorCallback)
    HAL_TIM_Base_Init                        0x080041d9   Thumb Code   168  stm32h5xx_hal_tim.o(.text.HAL_TIM_Base_Init)
    HAL_TIM_Base_MspInit                     0x08004281   Thumb Code   282  tim.o(.text.HAL_TIM_Base_MspInit)
    HAL_TIM_Base_Start_IT                    0x0800439d   Thumb Code   172  stm32h5xx_hal_tim.o(.text.HAL_TIM_Base_Start_IT)
    HAL_TIM_Base_Stop_IT                     0x08004449   Thumb Code    82  stm32h5xx_hal_tim.o(.text.HAL_TIM_Base_Stop_IT)
    HAL_TIM_ConfigClockSource                0x0800449d   Thumb Code   520  stm32h5xx_hal_tim.o(.text.HAL_TIM_ConfigClockSource)
    HAL_TIM_IC_CaptureCallback               0x080046a5   Thumb Code     8  stm32h5xx_hal_tim.o(.text.HAL_TIM_IC_CaptureCallback)
    HAL_TIM_IRQHandler                       0x080046ad   Thumb Code   756  stm32h5xx_hal_tim.o(.text.HAL_TIM_IRQHandler)
    HAL_TIM_MspPostInit                      0x080049a1   Thumb Code   214  tim.o(.text.HAL_TIM_MspPostInit)
    HAL_TIM_OC_DelayElapsedCallback          0x08004a79   Thumb Code     8  stm32h5xx_hal_tim.o(.text.HAL_TIM_OC_DelayElapsedCallback)
    HAL_TIM_PWM_ConfigChannel                0x08004a81   Thumb Code   432  stm32h5xx_hal_tim.o(.text.HAL_TIM_PWM_ConfigChannel)
    HAL_TIM_PWM_Init                         0x08004c31   Thumb Code   168  stm32h5xx_hal_tim.o(.text.HAL_TIM_PWM_Init)
    HAL_TIM_PWM_MspInit                      0x08004cd9   Thumb Code     8  stm32h5xx_hal_tim.o(.text.HAL_TIM_PWM_MspInit)
    HAL_TIM_PWM_PulseFinishedCallback        0x08004ce1   Thumb Code   358  capture.o(.text.HAL_TIM_PWM_PulseFinishedCallback)
    HAL_TIM_PWM_Start_IT                     0x08004e49   Thumb Code   560  stm32h5xx_hal_tim.o(.text.HAL_TIM_PWM_Start_IT)
    HAL_TIM_PWM_Stop_IT                      0x08005079   Thumb Code   394  stm32h5xx_hal_tim.o(.text.HAL_TIM_PWM_Stop_IT)
    HAL_TIM_PeriodElapsedCallback            0x08005205   Thumb Code   194  capture.o(.text.HAL_TIM_PeriodElapsedCallback)
    HAL_TIM_TriggerCallback                  0x080052c9   Thumb Code     8  stm32h5xx_hal_tim.o(.text.HAL_TIM_TriggerCallback)
    HAL_UARTEx_DisableFifoMode               0x080052d1   Thumb Code   124  stm32h5xx_hal_uart_ex.o(.text.HAL_UARTEx_DisableFifoMode)
    HAL_UARTEx_RxEventCallback               0x0800534d   Thumb Code    12  stm32h5xx_hal_uart.o(.text.HAL_UARTEx_RxEventCallback)
    HAL_UARTEx_RxFifoFullCallback            0x08005359   Thumb Code     8  stm32h5xx_hal_uart_ex.o(.text.HAL_UARTEx_RxFifoFullCallback)
    HAL_UARTEx_SetRxFifoThreshold            0x08005361   Thumb Code   140  stm32h5xx_hal_uart_ex.o(.text.HAL_UARTEx_SetRxFifoThreshold)
    HAL_UARTEx_SetTxFifoThreshold            0x080053ed   Thumb Code   140  stm32h5xx_hal_uart_ex.o(.text.HAL_UARTEx_SetTxFifoThreshold)
    HAL_UARTEx_TxFifoEmptyCallback           0x08005479   Thumb Code     8  stm32h5xx_hal_uart_ex.o(.text.HAL_UARTEx_TxFifoEmptyCallback)
    HAL_UARTEx_WakeupCallback                0x08005481   Thumb Code     8  stm32h5xx_hal_uart_ex.o(.text.HAL_UARTEx_WakeupCallback)
    HAL_UART_ErrorCallback                   0x08005489   Thumb Code     8  stm32h5xx_hal_uart.o(.text.HAL_UART_ErrorCallback)
    HAL_UART_IRQHandler                      0x08005491   Thumb Code  1292  stm32h5xx_hal_uart.o(.text.HAL_UART_IRQHandler)
    HAL_UART_Init                            0x0800599d   Thumb Code   170  stm32h5xx_hal_uart.o(.text.HAL_UART_Init)
    HAL_UART_MspInit                         0x08005a49   Thumb Code   190  usart.o(.text.HAL_UART_MspInit)
    HAL_UART_Receive_IT                      0x08005b09   Thumb Code   188  stm32h5xx_hal_uart.o(.text.HAL_UART_Receive_IT)
    HAL_UART_RxCpltCallback                  0x08005bc5   Thumb Code   528  process.o(.text.HAL_UART_RxCpltCallback)
    HAL_UART_Transmit_IT                     0x08005dd5   Thumb Code   332  stm32h5xx_hal_uart.o(.text.HAL_UART_Transmit_IT)
    HAL_UART_TxCpltCallback                  0x08005f21   Thumb Code    20  process.o(.text.HAL_UART_TxCpltCallback)
    HardFault_Handler                        0x08005f35   Thumb Code     4  stm32h5xx_it.o(.text.HardFault_Handler)
    MX_GPIO_Init                             0x08005f39   Thumb Code   246  gpio.o(.text.MX_GPIO_Init)
    MX_ICACHE_Init                           0x08006031   Thumb Code    34  icache.o(.text.MX_ICACHE_Init)
    MX_TIM1_Init                             0x08006055   Thumb Code   140  tim.o(.text.MX_TIM1_Init)
    MX_TIM2_Init                             0x080060e1   Thumb Code   242  tim.o(.text.MX_TIM2_Init)
    MX_TIM3_Init                             0x080061d5   Thumb Code   246  tim.o(.text.MX_TIM3_Init)
    MX_TIM6_Init                             0x080062cd   Thumb Code    92  tim.o(.text.MX_TIM6_Init)
    MX_USART1_UART_Init                      0x08006329   Thumb Code   142  usart.o(.text.MX_USART1_UART_Init)
    MemManage_Handler                        0x080063b9   Thumb Code     4  stm32h5xx_it.o(.text.MemManage_Handler)
    NMI_Handler                              0x080063bd   Thumb Code     4  stm32h5xx_it.o(.text.NMI_Handler)
    PendSV_Handler                           0x0800642d   Thumb Code     2  stm32h5xx_it.o(.text.PendSV_Handler)
    SVC_Handler                              0x0800659d   Thumb Code     2  stm32h5xx_it.o(.text.SVC_Handler)
    SysTick_Handler                          0x080065f5   Thumb Code     8  stm32h5xx_it.o(.text.SysTick_Handler)
    SystemClock_Config                       0x080065fd   Thumb Code   176  main.o(.text.SystemClock_Config)
    SystemInit                               0x080066ad   Thumb Code   278  system_stm32h5xx.o(.text.SystemInit)
    TIM1_UP_IRQHandler                       0x080067c5   Thumb Code    16  stm32h5xx_it.o(.text.TIM1_UP_IRQHandler)
    TIM2_IRQHandler                          0x080067d5   Thumb Code    16  stm32h5xx_it.o(.text.TIM2_IRQHandler)
    TIM3_IRQHandler                          0x080067e5   Thumb Code    16  stm32h5xx_it.o(.text.TIM3_IRQHandler)
    TIM6_IRQHandler                          0x080067f5   Thumb Code    16  stm32h5xx_it.o(.text.TIM6_IRQHandler)
    TIM_Base_SetConfig                       0x08006805   Thumb Code   208  stm32h5xx_hal_tim.o(.text.TIM_Base_SetConfig)
    TIM_CCxChannelCmd                        0x080068d5   Thumb Code    54  stm32h5xx_hal_tim.o(.text.TIM_CCxChannelCmd)
    TIM_ETR_SetConfig                        0x0800690d   Thumb Code    52  stm32h5xx_hal_tim.o(.text.TIM_ETR_SetConfig)
    TIM_OC2_SetConfig                        0x08006a45   Thumb Code   222  stm32h5xx_hal_tim.o(.text.TIM_OC2_SetConfig)
    UART_AdvFeatureConfig                    0x08006f39   Thumb Code   328  stm32h5xx_hal_uart.o(.text.UART_AdvFeatureConfig)
    UART_CheckIdleState                      0x08007081   Thumb Code   326  stm32h5xx_hal_uart.o(.text.UART_CheckIdleState)
    UART_GetChar                             0x080072d1   Thumb Code    24  process.o(.text.UART_GetChar)
    UART_SetConfig                           0x08007bf9   Thumb Code   752  stm32h5xx_hal_uart.o(.text.UART_SetConfig)
    UART_Start_Receive_IT                    0x08007ee9   Thumb Code   546  stm32h5xx_hal_uart.o(.text.UART_Start_Receive_IT)
    UART_WaitOnFlagUntilTimeout              0x080083c9   Thumb Code   252  stm32h5xx_hal_uart.o(.text.UART_WaitOnFlagUntilTimeout)
    USART1_IRQHandler                        0x080084c5   Thumb Code    16  stm32h5xx_it.o(.text.USART1_IRQHandler)
    UsageFault_Handler                       0x080084d5   Thumb Code     4  stm32h5xx_it.o(.text.UsageFault_Handler)
    Wait_Tx_Complete                         0x080084d9   Thumb Code    32  process.o(.text.Wait_Tx_Complete)
    Water_Disable                            0x080084f9   Thumb Code    28  capture.o(.text.Water_Disable)
    Water_Speed                              0x08008515   Thumb Code   134  process.o(.text.Water_Speed)
    Water_Status                             0x0800859d   Thumb Code   148  process.o(.text.Water_Status)
    main                                     0x08008729   Thumb Code    84  main.o(.text.main)
    __scatterload_copy                       0x0800877d   Thumb Code    14  handlers.o(i.__scatterload_copy)
    __scatterload_null                       0x0800878b   Thumb Code     2  handlers.o(i.__scatterload_null)
    __scatterload_zeroinit                   0x0800878d   Thumb Code    14  handlers.o(i.__scatterload_zeroinit)
    AHBPrescTable                            0x0800879a   Data          16  system_stm32h5xx.o(.rodata.AHBPrescTable)
    APBPrescTable                            0x080087aa   Data           8  system_stm32h5xx.o(.rodata.APBPrescTable)
    UARTPrescTable                           0x080087c2   Data          24  stm32h5xx_hal_uart.o(.rodata.UARTPrescTable)
    Region$$Table$$Base                      0x080087dc   Number         0  anon$$obj.o(Region$$Table)
    Region$$Table$$Limit                     0x080087fc   Number         0  anon$$obj.o(Region$$Table)
    SystemCoreClock                          0x20000000   Data           4  system_stm32h5xx.o(.data.SystemCoreClock)
    uwTickFreq                               0x20000004   Data           1  stm32h5xx_hal.o(.data.uwTickFreq)
    uwTickPrio                               0x20000008   Data           4  stm32h5xx_hal.o(.data.uwTickPrio)
    Back_Order                               0x20000010   Data         100  process.o(.bss.Back_Order)
    GetOrder                                 0x20000074   Data         100  process.o(.bss.GetOrder)
    Len_Receive                              0x2000013c   Data           1  process.o(.bss.Len_Receive)
    Sum_Receive                              0x20000154   Data           1  process.o(.bss.Sum_Receive)
    Verify_Flag                              0x20000155   Data           1  process.o(.bss.Verify_Flag)
    cnt                                      0x20000156   Data           1  process.o(.bss.cnt)
    count                                    0x20000157   Data           1  process.o(.bss.count)
    countA                                   0x20000158   Data           4  capture.o(.bss.countA)
    countB                                   0x2000015c   Data           4  capture.o(.bss.countB)
    countC                                   0x20000160   Data           4  capture.o(.bss.countC)
    countD                                   0x20000164   Data           4  capture.o(.bss.countD)
    flag1                                    0x20000168   Data           1  process.o(.bss.flag1)
    getdata                                  0x20000175   Data           1  process.o(.bss.getdata)
    htim1                                    0x20000178   Data          76  tim.o(.bss.htim1)
    htim2                                    0x200001c4   Data          76  tim.o(.bss.htim2)
    htim3                                    0x20000210   Data          76  tim.o(.bss.htim3)
    htim6                                    0x2000025c   Data          76  tim.o(.bss.htim6)
    huart1                                   0x200002a8   Data         148  usart.o(.bss.huart1)
    i                                        0x2000033c   Data           4  process.o(.bss.i)
    jiliang_channel                          0x20000340   Data           1  capture.o(.bss.jiliang_channel)
    speed                                    0x20000341   Data           1  process.o(.bss.speed)
    start_receive_flag                       0x20000342   Data           1  process.o(.bss.start_receive_flag)
    status                                   0x20000343   Data           1  process.o(.bss.status)
    uwTick                                   0x20000344   Data           4  stm32h5xx_hal.o(.bss.uwTick)
    __initial_sp                             0x20000748   Data           0  startup_stm32h503xx.o(STACK)



==============================================================================

Memory Map of the image

  Image Entry point : 0x08000259

  Load Region LR_IROM1 (Base: 0x08000000, Size: 0x00008810, Max: 0x00020000, ABSOLUTE)

    Execution Region ER_IROM1 (Exec base: 0x08000000, Load base: 0x08000000, Size: 0x000087fc, Max: 0x00020000, ABSOLUTE)

    Exec Addr    Load Addr    Size         Type   Attr      Idx    E Section Name        Object

    0x08000000   0x08000000   0x00000258   Data   RO            3    RESET               startup_stm32h503xx.o
    0x08000258   0x08000258   0x00000000   Code   RO         1569  * .ARM.Collect$$$$00000000  mc_w.l(entry.o)
    0x08000258   0x08000258   0x00000004   Code   RO         1576    .ARM.Collect$$$$00000001  mc_w.l(entry2.o)
    0x0800025c   0x0800025c   0x00000004   Code   RO         1579    .ARM.Collect$$$$00000004  mc_w.l(entry5.o)
    0x08000260   0x08000260   0x00000000   Code   RO         1581    .ARM.Collect$$$$00000008  mc_w.l(entry7b.o)
    0x08000260   0x08000260   0x00000000   Code   RO         1583    .ARM.Collect$$$$0000000A  mc_w.l(entry8b.o)
    0x08000260   0x08000260   0x00000008   Code   RO         1584    .ARM.Collect$$$$0000000B  mc_w.l(entry9a.o)
    0x08000268   0x08000268   0x00000000   Code   RO         1586    .ARM.Collect$$$$0000000D  mc_w.l(entry10a.o)
    0x08000268   0x08000268   0x00000000   Code   RO         1588    .ARM.Collect$$$$0000000F  mc_w.l(entry11a.o)
    0x08000268   0x08000268   0x00000004   Code   RO         1577    .ARM.Collect$$$$00002712  mc_w.l(entry2.o)
    0x0800026c   0x0800026c   0x00000028   Code   RO            4    .text               startup_stm32h503xx.o
    0x08000294   0x08000294   0x00000062   Code   RO         1572    .text               mc_w.l(uldiv.o)
    0x080002f6   0x080002f6   0x00000024   Code   RO         1574    .text               mc_w.l(memseta.o)
    0x0800031a   0x0800031a   0x0000001e   Code   RO         1590    .text               mc_w.l(llshl.o)
    0x08000338   0x08000338   0x00000020   Code   RO         1592    .text               mc_w.l(llushr.o)
    0x08000358   0x08000358   0x00000024   Code   RO         1594    .text               mc_w.l(init.o)
    0x0800037c   0x0800037c   0x00000078   Code   RO         1522    .text.Back_Order_Process  process.o
    0x080003f4   0x080003f4   0x00000004   Code   RO           87    .text.BusFault_Handler  stm32h5xx_it.o
    0x080003f8   0x080003f8   0x00000022   Code   RO         1557    .text.Circle_Buffer_Init  buffer.o
    0x0800041a   0x0800041a   0x00000002   PAD
    0x0800041c   0x0800041c   0x0000004e   Code   RO         1559    .text.Circle_Read   buffer.o
    0x0800046a   0x0800046a   0x00000002   PAD
    0x0800046c   0x0800046c   0x00000056   Code   RO         1561    .text.Circle_Write  buffer.o
    0x080004c2   0x080004c2   0x00000002   PAD
    0x080004c4   0x080004c4   0x0000004a   Code   RO         1524    .text.Data_Process  process.o
    0x0800050e   0x0800050e   0x00000002   PAD
    0x08000510   0x08000510   0x000000aa   Code   RO         1520    .text.Data_Verify   process.o
    0x080005ba   0x080005ba   0x00000002   PAD
    0x080005bc   0x080005bc   0x00000002   Code   RO           93    .text.DebugMon_Handler  stm32h5xx_it.o
    0x080005be   0x080005be   0x00000002   PAD
    0x080005c0   0x080005c0   0x0000000c   Code   RO          105    .text.EXTI10_IRQHandler  stm32h5xx_it.o
    0x080005cc   0x080005cc   0x0000000a   Code   RO           99    .text.EXTI2_IRQHandler  stm32h5xx_it.o
    0x080005d6   0x080005d6   0x00000002   PAD
    0x080005d8   0x080005d8   0x0000000a   Code   RO          101    .text.EXTI5_IRQHandler  stm32h5xx_it.o
    0x080005e2   0x080005e2   0x00000002   PAD
    0x080005e4   0x080005e4   0x0000000a   Code   RO          103    .text.EXTI6_IRQHandler  stm32h5xx_it.o
    0x080005ee   0x080005ee   0x00000002   PAD
    0x080005f0   0x080005f0   0x00000006   Code   RO           15    .text.Error_Handler  main.o
    0x080005f6   0x080005f6   0x00000002   PAD
    0x080005f8   0x080005f8   0x00000030   Code   RO         1508    .text.Get_Buffer_Init  process.o
    0x08000628   0x08000628   0x00000116   Code   RO          447    .text.HAL_DMA_Abort  stm32h5xx_hal_dma.o
    0x0800073e   0x0800073e   0x00000002   PAD
    0x08000740   0x08000740   0x00000054   Code   RO          449    .text.HAL_DMA_Abort_IT  stm32h5xx_hal_dma.o
    0x08000794   0x08000794   0x0000006c   Code   RO         1475    .text.HAL_EXTI_CLEAR_IT  capture.o
    0x08000800   0x08000800   0x0000001c   Code   RO         1477    .text.HAL_EXTI_ENABLE  capture.o
    0x0800081c   0x0800081c   0x0000000a   Code   RO          426    .text.HAL_GPIO_EXTI_Falling_Callback  stm32h5xx_hal_gpio.o
    0x08000826   0x08000826   0x00000002   PAD
    0x08000828   0x08000828   0x00000064   Code   RO          422    .text.HAL_GPIO_EXTI_IRQHandler  stm32h5xx_hal_gpio.o
    0x0800088c   0x0800088c   0x000000ee   Code   RO         1483    .text.HAL_GPIO_EXTI_Rising_Callback  capture.o
    0x0800097a   0x0800097a   0x00000002   PAD
    0x0800097c   0x0800097c   0x000002ce   Code   RO          404    .text.HAL_GPIO_Init  stm32h5xx_hal_gpio.o
    0x08000c4a   0x08000c4a   0x00000002   PAD
    0x08000c4c   0x08000c4c   0x0000000c   Code   RO          704    .text.HAL_GetTick   stm32h5xx_hal.o
    0x08000c58   0x08000c58   0x00000040   Code   RO          829    .text.HAL_ICACHE_ConfigAssociativityMode  stm32h5xx_hal_icache.o
    0x08000c98   0x08000c98   0x00000014   Code   RO          839    .text.HAL_ICACHE_Enable  stm32h5xx_hal_icache.o
    0x08000cac   0x08000cac   0x0000001a   Code   RO          702    .text.HAL_IncTick   stm32h5xx_hal.o
    0x08000cc6   0x08000cc6   0x00000002   PAD
    0x08000cc8   0x08000cc8   0x00000058   Code   RO          692    .text.HAL_Init      stm32h5xx_hal.o
    0x08000d20   0x08000d20   0x00000086   Code   RO          694    .text.HAL_InitTick  stm32h5xx_hal.o
    0x08000da6   0x08000da6   0x00000002   PAD
    0x08000da8   0x08000da8   0x00000002   Code   RO          124    .text.HAL_MspInit   stm32h5xx_hal_msp.o
    0x08000daa   0x08000daa   0x00000002   PAD
    0x08000dac   0x08000dac   0x00000014   Code   RO          148    .text.HAL_NVIC_DisableIRQ  stm32h5xx_hal_cortex.o
    0x08000dc0   0x08000dc0   0x00000014   Code   RO          144    .text.HAL_NVIC_EnableIRQ  stm32h5xx_hal_cortex.o
    0x08000dd4   0x08000dd4   0x0000002e   Code   RO          136    .text.HAL_NVIC_SetPriority  stm32h5xx_hal_cortex.o
    0x08000e02   0x08000e02   0x00000002   PAD
    0x08000e04   0x08000e04   0x00000010   Code   RO          132    .text.HAL_NVIC_SetPriorityGrouping  stm32h5xx_hal_cortex.o
    0x08000e14   0x08000e14   0x000002f8   Code   RO          256    .text.HAL_RCCEx_GetPLL1ClockFreq  stm32h5xx_hal_rcc_ex.o
    0x0800110c   0x0800110c   0x000002f8   Code   RO          258    .text.HAL_RCCEx_GetPLL2ClockFreq  stm32h5xx_hal_rcc_ex.o
    0x08001404   0x08001404   0x00000ff0   Code   RO          260    .text.HAL_RCCEx_GetPeriphCLKFreq  stm32h5xx_hal_rcc_ex.o
    0x080023f4   0x080023f4   0x00000a9a   Code   RO          250    .text.HAL_RCCEx_PeriphCLKConfig  stm32h5xx_hal_rcc_ex.o
    0x08002e8e   0x08002e8e   0x00000002   PAD
    0x08002e90   0x08002e90   0x00000494   Code   RO          215    .text.HAL_RCC_ClockConfig  stm32h5xx_hal_rcc.o
    0x08003324   0x08003324   0x00000034   Code   RO          213    .text.HAL_RCC_GetHCLKFreq  stm32h5xx_hal_rcc.o
    0x08003358   0x08003358   0x00000026   Code   RO          221    .text.HAL_RCC_GetPCLK1Freq  stm32h5xx_hal_rcc.o
    0x0800337e   0x0800337e   0x00000002   PAD
    0x08003380   0x08003380   0x00000026   Code   RO          223    .text.HAL_RCC_GetPCLK2Freq  stm32h5xx_hal_rcc.o
    0x080033a6   0x080033a6   0x00000002   PAD
    0x080033a8   0x080033a8   0x00000026   Code   RO          225    .text.HAL_RCC_GetPCLK3Freq  stm32h5xx_hal_rcc.o
    0x080033ce   0x080033ce   0x00000002   PAD
    0x080033d0   0x080033d0   0x000002cc   Code   RO          217    .text.HAL_RCC_GetSysClockFreq  stm32h5xx_hal_rcc.o
    0x0800369c   0x0800369c   0x000009fc   Code   RO          211    .text.HAL_RCC_OscConfig  stm32h5xx_hal_rcc.o
    0x08004098   0x08004098   0x00000010   Code   RO          180    .text.HAL_SYSTICK_Config  stm32h5xx_hal_cortex.o
    0x080040a8   0x080040a8   0x00000008   Code   RO         1243    .text.HAL_TIMEx_Break2Callback  stm32h5xx_hal_tim_ex.o
    0x080040b0   0x080040b0   0x00000008   Code   RO         1241    .text.HAL_TIMEx_BreakCallback  stm32h5xx_hal_tim_ex.o
    0x080040b8   0x080040b8   0x00000008   Code   RO         1237    .text.HAL_TIMEx_CommutCallback  stm32h5xx_hal_tim_ex.o
    0x080040c0   0x080040c0   0x00000008   Code   RO         1247    .text.HAL_TIMEx_DirectionChangeCallback  stm32h5xx_hal_tim_ex.o
    0x080040c8   0x080040c8   0x00000008   Code   RO         1245    .text.HAL_TIMEx_EncoderIndexCallback  stm32h5xx_hal_tim_ex.o
    0x080040d0   0x080040d0   0x00000008   Code   RO         1249    .text.HAL_TIMEx_IndexErrorCallback  stm32h5xx_hal_tim_ex.o
    0x080040d8   0x080040d8   0x000000f6   Code   RO         1187    .text.HAL_TIMEx_MasterConfigSynchronization  stm32h5xx_hal_tim_ex.o
    0x080041ce   0x080041ce   0x00000002   PAD
    0x080041d0   0x080041d0   0x00000008   Code   RO         1251    .text.HAL_TIMEx_TransitionErrorCallback  stm32h5xx_hal_tim_ex.o
    0x080041d8   0x080041d8   0x000000a8   Code   RO          868    .text.HAL_TIM_Base_Init  stm32h5xx_hal_tim.o
    0x08004280   0x08004280   0x0000011a   Code   RO           52    .text.HAL_TIM_Base_MspInit  tim.o
    0x0800439a   0x0800439a   0x00000002   PAD
    0x0800439c   0x0800439c   0x000000ac   Code   RO          882    .text.HAL_TIM_Base_Start_IT  stm32h5xx_hal_tim.o
    0x08004448   0x08004448   0x00000052   Code   RO          884    .text.HAL_TIM_Base_Stop_IT  stm32h5xx_hal_tim.o
    0x0800449a   0x0800449a   0x00000002   PAD
    0x0800449c   0x0800449c   0x00000208   Code   RO         1066    .text.HAL_TIM_ConfigClockSource  stm32h5xx_hal_tim.o
    0x080046a4   0x080046a4   0x00000008   Code   RO         1006    .text.HAL_TIM_IC_CaptureCallback  stm32h5xx_hal_tim.o
    0x080046ac   0x080046ac   0x000002f4   Code   RO         1004    .text.HAL_TIM_IRQHandler  stm32h5xx_hal_tim.o
    0x080049a0   0x080049a0   0x000000d6   Code   RO           46    .text.HAL_TIM_MspPostInit  tim.o
    0x08004a76   0x08004a76   0x00000002   PAD
    0x08004a78   0x08004a78   0x00000008   Code   RO         1008    .text.HAL_TIM_OC_DelayElapsedCallback  stm32h5xx_hal_tim.o
    0x08004a80   0x08004a80   0x000001b0   Code   RO         1040    .text.HAL_TIM_PWM_ConfigChannel  stm32h5xx_hal_tim.o
    0x08004c30   0x08004c30   0x000000a8   Code   RO          924    .text.HAL_TIM_PWM_Init  stm32h5xx_hal_tim.o
    0x08004cd8   0x08004cd8   0x00000008   Code   RO          926    .text.HAL_TIM_PWM_MspInit  stm32h5xx_hal_tim.o
    0x08004ce0   0x08004ce0   0x00000166   Code   RO         1479    .text.HAL_TIM_PWM_PulseFinishedCallback  capture.o
    0x08004e46   0x08004e46   0x00000002   PAD
    0x08004e48   0x08004e48   0x00000230   Code   RO          936    .text.HAL_TIM_PWM_Start_IT  stm32h5xx_hal_tim.o
    0x08005078   0x08005078   0x0000018a   Code   RO          938    .text.HAL_TIM_PWM_Stop_IT  stm32h5xx_hal_tim.o
    0x08005202   0x08005202   0x00000002   PAD
    0x08005204   0x08005204   0x000000c2   Code   RO         1481    .text.HAL_TIM_PeriodElapsedCallback  capture.o
    0x080052c6   0x080052c6   0x00000002   PAD
    0x080052c8   0x080052c8   0x00000008   Code   RO         1014    .text.HAL_TIM_TriggerCallback  stm32h5xx_hal_tim.o
    0x080052d0   0x080052d0   0x0000007c   Code   RO         1434    .text.HAL_UARTEx_DisableFifoMode  stm32h5xx_hal_uart_ex.o
    0x0800534c   0x0800534c   0x0000000c   Code   RO         1358    .text.HAL_UARTEx_RxEventCallback  stm32h5xx_hal_uart.o
    0x08005358   0x08005358   0x00000008   Code   RO         1416    .text.HAL_UARTEx_RxFifoFullCallback  stm32h5xx_hal_uart_ex.o
    0x08005360   0x08005360   0x0000008c   Code   RO         1438    .text.HAL_UARTEx_SetRxFifoThreshold  stm32h5xx_hal_uart_ex.o
    0x080053ec   0x080053ec   0x0000008c   Code   RO         1436    .text.HAL_UARTEx_SetTxFifoThreshold  stm32h5xx_hal_uart_ex.o
    0x08005478   0x08005478   0x00000008   Code   RO         1418    .text.HAL_UARTEx_TxFifoEmptyCallback  stm32h5xx_hal_uart_ex.o
    0x08005480   0x08005480   0x00000008   Code   RO         1414    .text.HAL_UARTEx_WakeupCallback  stm32h5xx_hal_uart_ex.o
    0x08005488   0x08005488   0x00000008   Code   RO         1356    .text.HAL_UART_ErrorCallback  stm32h5xx_hal_uart.o
    0x08005490   0x08005490   0x0000050c   Code   RO         1352    .text.HAL_UART_IRQHandler  stm32h5xx_hal_uart.o
    0x0800599c   0x0800599c   0x000000aa   Code   RO         1264    .text.HAL_UART_Init  stm32h5xx_hal_uart.o
    0x08005a46   0x08005a46   0x00000002   PAD
    0x08005a48   0x08005a48   0x000000be   Code   RO           69    .text.HAL_UART_MspInit  usart.o
    0x08005b06   0x08005b06   0x00000002   PAD
    0x08005b08   0x08005b08   0x000000bc   Code   RO         1300    .text.HAL_UART_Receive_IT  stm32h5xx_hal_uart.o
    0x08005bc4   0x08005bc4   0x00000210   Code   RO         1518    .text.HAL_UART_RxCpltCallback  process.o
    0x08005dd4   0x08005dd4   0x0000014c   Code   RO         1290    .text.HAL_UART_Transmit_IT  stm32h5xx_hal_uart.o
    0x08005f20   0x08005f20   0x00000014   Code   RO         1516    .text.HAL_UART_TxCpltCallback  process.o
    0x08005f34   0x08005f34   0x00000004   Code   RO           83    .text.HardFault_Handler  stm32h5xx_it.o
    0x08005f38   0x08005f38   0x000000f6   Code   RO           25    .text.MX_GPIO_Init  gpio.o
    0x0800602e   0x0800602e   0x00000002   PAD
    0x08006030   0x08006030   0x00000022   Code   RO           33    .text.MX_ICACHE_Init  icache.o
    0x08006052   0x08006052   0x00000002   PAD
    0x08006054   0x08006054   0x0000008c   Code   RO           42    .text.MX_TIM1_Init  tim.o
    0x080060e0   0x080060e0   0x000000f2   Code   RO           44    .text.MX_TIM2_Init  tim.o
    0x080061d2   0x080061d2   0x00000002   PAD
    0x080061d4   0x080061d4   0x000000f6   Code   RO           48    .text.MX_TIM3_Init  tim.o
    0x080062ca   0x080062ca   0x00000002   PAD
    0x080062cc   0x080062cc   0x0000005c   Code   RO           50    .text.MX_TIM6_Init  tim.o
    0x08006328   0x08006328   0x0000008e   Code   RO           67    .text.MX_USART1_UART_Init  usart.o
    0x080063b6   0x080063b6   0x00000002   PAD
    0x080063b8   0x080063b8   0x00000004   Code   RO           85    .text.MemManage_Handler  stm32h5xx_it.o
    0x080063bc   0x080063bc   0x00000004   Code   RO           81    .text.NMI_Handler   stm32h5xx_it.o
    0x080063c0   0x080063c0   0x0000006c   Code   RO          142    .text.NVIC_EncodePriority  stm32h5xx_hal_cortex.o
    0x0800642c   0x0800642c   0x00000002   Code   RO           95    .text.PendSV_Handler  stm32h5xx_it.o
    0x0800642e   0x0800642e   0x00000002   PAD
    0x08006430   0x08006430   0x0000016c   Code   RO          252    .text.RCCEx_PLL2_Config  stm32h5xx_hal_rcc_ex.o
    0x0800659c   0x0800659c   0x00000002   Code   RO           91    .text.SVC_Handler   stm32h5xx_it.o
    0x0800659e   0x0800659e   0x00000002   PAD
    0x080065a0   0x080065a0   0x00000052   Code   RO          182    .text.SysTick_Config  stm32h5xx_hal_cortex.o
    0x080065f2   0x080065f2   0x00000002   PAD
    0x080065f4   0x080065f4   0x00000008   Code   RO           97    .text.SysTick_Handler  stm32h5xx_it.o
    0x080065fc   0x080065fc   0x000000b0   Code   RO           13    .text.SystemClock_Config  main.o
    0x080066ac   0x080066ac   0x00000116   Code   RO         1457    .text.SystemInit    system_stm32h5xx.o
    0x080067c2   0x080067c2   0x00000002   PAD
    0x080067c4   0x080067c4   0x00000010   Code   RO          107    .text.TIM1_UP_IRQHandler  stm32h5xx_it.o
    0x080067d4   0x080067d4   0x00000010   Code   RO          109    .text.TIM2_IRQHandler  stm32h5xx_it.o
    0x080067e4   0x080067e4   0x00000010   Code   RO          111    .text.TIM3_IRQHandler  stm32h5xx_it.o
    0x080067f4   0x080067f4   0x00000010   Code   RO          113    .text.TIM6_IRQHandler  stm32h5xx_it.o
    0x08006804   0x08006804   0x000000d0   Code   RO          872    .text.TIM_Base_SetConfig  stm32h5xx_hal_tim.o
    0x080068d4   0x080068d4   0x00000036   Code   RO          908    .text.TIM_CCxChannelCmd  stm32h5xx_hal_tim.o
    0x0800690a   0x0800690a   0x00000002   PAD
    0x0800690c   0x0800690c   0x00000034   Code   RO         1064    .text.TIM_ETR_SetConfig  stm32h5xx_hal_tim.o
    0x08006940   0x08006940   0x00000030   Code   RO         1070    .text.TIM_ITRx_SetConfig  stm32h5xx_hal_tim.o
    0x08006970   0x08006970   0x000000d4   Code   RO         1018    .text.TIM_OC1_SetConfig  stm32h5xx_hal_tim.o
    0x08006a44   0x08006a44   0x000000de   Code   RO         1020    .text.TIM_OC2_SetConfig  stm32h5xx_hal_tim.o
    0x08006b22   0x08006b22   0x00000002   PAD
    0x08006b24   0x08006b24   0x000000dc   Code   RO         1022    .text.TIM_OC3_SetConfig  stm32h5xx_hal_tim.o
    0x08006c00   0x08006c00   0x000000de   Code   RO         1024    .text.TIM_OC4_SetConfig  stm32h5xx_hal_tim.o
    0x08006cde   0x08006cde   0x00000002   PAD
    0x08006ce0   0x08006ce0   0x00000092   Code   RO         1026    .text.TIM_OC5_SetConfig  stm32h5xx_hal_tim.o
    0x08006d72   0x08006d72   0x00000002   PAD
    0x08006d74   0x08006d74   0x00000094   Code   RO         1028    .text.TIM_OC6_SetConfig  stm32h5xx_hal_tim.o
    0x08006e08   0x08006e08   0x00000050   Code   RO         1068    .text.TIM_TI1_ConfigInputStage  stm32h5xx_hal_tim.o
    0x08006e58   0x08006e58   0x00000052   Code   RO         1072    .text.TIM_TI2_ConfigInputStage  stm32h5xx_hal_tim.o
    0x08006eaa   0x08006eaa   0x00000002   PAD
    0x08006eac   0x08006eac   0x0000008a   Code   RO         1432    .text.UARTEx_SetNbDataToProcess  stm32h5xx_hal_uart_ex.o
    0x08006f36   0x08006f36   0x00000002   PAD
    0x08006f38   0x08006f38   0x00000148   Code   RO         1268    .text.UART_AdvFeatureConfig  stm32h5xx_hal_uart.o
    0x08007080   0x08007080   0x00000146   Code   RO         1272    .text.UART_CheckIdleState  stm32h5xx_hal_uart.o
    0x080071c6   0x080071c6   0x00000002   PAD
    0x080071c8   0x080071c8   0x00000024   Code   RO         1354    .text.UART_DMAAbortOnError  stm32h5xx_hal_uart.o
    0x080071ec   0x080071ec   0x0000009e   Code   RO         1324    .text.UART_EndRxTransfer  stm32h5xx_hal_uart.o
    0x0800728a   0x0800728a   0x00000002   PAD
    0x0800728c   0x0800728c   0x00000044   Code   RO         1360    .text.UART_EndTransmit_IT  stm32h5xx_hal_uart.o
    0x080072d0   0x080072d0   0x00000018   Code   RO         1510    .text.UART_GetChar  process.o
    0x080072e8   0x080072e8   0x00000184   Code   RO         1396    .text.UART_RxISR_16BIT  stm32h5xx_hal_uart.o
    0x0800746c   0x0800746c   0x00000308   Code   RO         1392    .text.UART_RxISR_16BIT_FIFOEN  stm32h5xx_hal_uart.o
    0x08007774   0x08007774   0x00000180   Code   RO         1398    .text.UART_RxISR_8BIT  stm32h5xx_hal_uart.o
    0x080078f4   0x080078f4   0x00000304   Code   RO         1394    .text.UART_RxISR_8BIT_FIFOEN  stm32h5xx_hal_uart.o
    0x08007bf8   0x08007bf8   0x000002f0   Code   RO         1270    .text.UART_SetConfig  stm32h5xx_hal_uart.o
    0x08007ee8   0x08007ee8   0x00000222   Code   RO         1302    .text.UART_Start_Receive_IT  stm32h5xx_hal_uart.o
    0x0800810a   0x0800810a   0x00000002   PAD
    0x0800810c   0x0800810c   0x00000098   Code   RO         1296    .text.UART_TxISR_16BIT  stm32h5xx_hal_uart.o
    0x080081a4   0x080081a4   0x000000ce   Code   RO         1292    .text.UART_TxISR_16BIT_FIFOEN  stm32h5xx_hal_uart.o
    0x08008272   0x08008272   0x00000002   PAD
    0x08008274   0x08008274   0x0000008e   Code   RO         1298    .text.UART_TxISR_8BIT  stm32h5xx_hal_uart.o
    0x08008302   0x08008302   0x00000002   PAD
    0x08008304   0x08008304   0x000000c4   Code   RO         1294    .text.UART_TxISR_8BIT_FIFOEN  stm32h5xx_hal_uart.o
    0x080083c8   0x080083c8   0x000000fc   Code   RO         1286    .text.UART_WaitOnFlagUntilTimeout  stm32h5xx_hal_uart.o
    0x080084c4   0x080084c4   0x00000010   Code   RO          115    .text.USART1_IRQHandler  stm32h5xx_it.o
    0x080084d4   0x080084d4   0x00000004   Code   RO           89    .text.UsageFault_Handler  stm32h5xx_it.o
    0x080084d8   0x080084d8   0x00000020   Code   RO         1512    .text.Wait_Tx_Complete  process.o
    0x080084f8   0x080084f8   0x0000001c   Code   RO         1473    .text.Water_Disable  capture.o
    0x08008514   0x08008514   0x00000086   Code   RO         1528    .text.Water_Speed   process.o
    0x0800859a   0x0800859a   0x00000002   PAD
    0x0800859c   0x0800859c   0x00000094   Code   RO         1526    .text.Water_Status  process.o
    0x08008630   0x08008630   0x00000038   Code   RO          150    .text.__NVIC_DisableIRQ  stm32h5xx_hal_cortex.o
    0x08008668   0x08008668   0x00000030   Code   RO          146    .text.__NVIC_EnableIRQ  stm32h5xx_hal_cortex.o
    0x08008698   0x08008698   0x00000010   Code   RO          138    .text.__NVIC_GetPriorityGrouping  stm32h5xx_hal_cortex.o
    0x080086a8   0x080086a8   0x00000042   Code   RO          140    .text.__NVIC_SetPriority  stm32h5xx_hal_cortex.o
    0x080086ea   0x080086ea   0x00000002   PAD
    0x080086ec   0x080086ec   0x0000003c   Code   RO          134    .text.__NVIC_SetPriorityGrouping  stm32h5xx_hal_cortex.o
    0x08008728   0x08008728   0x00000054   Code   RO           11    .text.main          main.o
    0x0800877c   0x0800877c   0x0000000e   Code   RO         1598    i.__scatterload_copy  mc_w.l(handlers.o)
    0x0800878a   0x0800878a   0x00000002   Code   RO         1599    i.__scatterload_null  mc_w.l(handlers.o)
    0x0800878c   0x0800878c   0x0000000e   Code   RO         1600    i.__scatterload_zeroinit  mc_w.l(handlers.o)
    0x0800879a   0x0800879a   0x00000010   Data   RO         1462    .rodata.AHBPrescTable  system_stm32h5xx.o
    0x080087aa   0x080087aa   0x00000008   Data   RO         1463    .rodata.APBPrescTable  system_stm32h5xx.o
    0x080087b2   0x080087b2   0x00000008   Data   RO         1449    .rodata.UARTEx_SetNbDataToProcess.denominator  stm32h5xx_hal_uart_ex.o
    0x080087ba   0x080087ba   0x00000008   Data   RO         1448    .rodata.UARTEx_SetNbDataToProcess.numerator  stm32h5xx_hal_uart_ex.o
    0x080087c2   0x080087c2   0x00000018   Data   RO         1404    .rodata.UARTPrescTable  stm32h5xx_hal_uart.o
    0x080087da   0x080087da   0x00000002   PAD
    0x080087dc   0x080087dc   0x00000020   Data   RO         1597    Region$$Table       anon$$obj.o


    Execution Region RW_IRAM1 (Exec base: 0x20000000, Load base: 0x08008800, Size: 0x00000748, Max: 0x00008000, ABSOLUTE)

    Exec Addr    Load Addr    Size         Type   Attr      Idx    E Section Name        Object

    0x20000000   0x08008800   0x00000004   Data   RW         1461    .data.SystemCoreClock  system_stm32h5xx.o
    0x20000004   0x08008804   0x00000001   Data   RW          791    .data.uwTickFreq    stm32h5xx_hal.o
    0x20000005   0x08008805   0x00000003   PAD
    0x20000008   0x08008808   0x00000004   Data   RW          790    .data.uwTickPrio    stm32h5xx_hal.o
    0x2000000c   0x0800880c   0x00000004   PAD
    0x20000010        -       0x00000064   Zero   RW         1541    .bss.Back_Order     process.o
    0x20000074        -       0x00000064   Zero   RW         1548    .bss.GetOrder       process.o
    0x200000d8        -       0x00000064   Zero   RW         1543    .bss.Getbuffer      process.o
    0x2000013c        -       0x00000001   Zero   RW         1534    .bss.Len_Receive    process.o
    0x2000013d   0x0800880c   0x00000003   PAD
    0x20000140        -       0x00000014   Zero   RW         1542    .bss.Rxbuffer       process.o
    0x20000154        -       0x00000001   Zero   RW         1533    .bss.Sum_Receive    process.o
    0x20000155        -       0x00000001   Zero   RW         1535    .bss.Verify_Flag    process.o
    0x20000156        -       0x00000001   Zero   RW         1537    .bss.cnt            process.o
    0x20000157        -       0x00000001   Zero   RW         1538    .bss.count          process.o
    0x20000158        -       0x00000004   Zero   RW         1485    .bss.countA         capture.o
    0x2000015c        -       0x00000004   Zero   RW         1486    .bss.countB         capture.o
    0x20000160        -       0x00000004   Zero   RW         1487    .bss.countC         capture.o
    0x20000164        -       0x00000004   Zero   RW         1488    .bss.countD         capture.o
    0x20000168        -       0x00000001   Zero   RW         1536    .bss.flag1          process.o
    0x20000169   0x0800880c   0x00000003   PAD
    0x2000016c        -       0x00000004   Zero   RW         1546    .bss.g_Rx_sign      process.o
    0x20000170        -       0x00000004   Zero   RW         1545    .bss.g_Tx_sign      process.o
    0x20000174        -       0x00000001   Zero   RW         1544    .bss.g_recvchar     process.o
    0x20000175        -       0x00000001   Zero   RW         1547    .bss.getdata        process.o
    0x20000176   0x0800880c   0x00000002   PAD
    0x20000178        -       0x0000004c   Zero   RW           56    .bss.htim1          tim.o
    0x200001c4        -       0x0000004c   Zero   RW           57    .bss.htim2          tim.o
    0x20000210        -       0x0000004c   Zero   RW           58    .bss.htim3          tim.o
    0x2000025c        -       0x0000004c   Zero   RW           59    .bss.htim6          tim.o
    0x200002a8        -       0x00000094   Zero   RW           73    .bss.huart1         usart.o
    0x2000033c        -       0x00000004   Zero   RW         1530    .bss.i              process.o
    0x20000340        -       0x00000001   Zero   RW         1489    .bss.jiliang_channel  capture.o
    0x20000341        -       0x00000001   Zero   RW         1540    .bss.speed          process.o
    0x20000342        -       0x00000001   Zero   RW         1531    .bss.start_receive_flag  process.o
    0x20000343        -       0x00000001   Zero   RW         1539    .bss.status         process.o
    0x20000344        -       0x00000004   Zero   RW          792    .bss.uwTick         stm32h5xx_hal.o
    0x20000348        -       0x00000400   Zero   RW            1    STACK               startup_stm32h503xx.o


==============================================================================

Image component sizes


      Code (inc. data)   RO Data    RW Data    ZI Data      Debug   Object Name

       198          0          0          0          0       1283   buffer.o
       954          0          0          0         17       8696   capture.o
       246          0          0          0          0       4635   gpio.o
        34          0          0          0          0        556   icache.o
       266          0          0          0          0       2718   main.o
      1298          4          0          0        343       8517   process.o
        40         10        600          0       1024        860   startup_stm32h503xx.o
       260          0          0          5          4      11308   stm32h5xx_hal.o
       554          0          0          0          0      12080   stm32h5xx_hal_cortex.o
       362          0          0          0          0       8952   stm32h5xx_hal_dma.o
       828          0          0          0          0       5086   stm32h5xx_hal_gpio.o
        84          0          0          0          0       3451   stm32h5xx_hal_icache.o
         2          0          0          0          0        358   stm32h5xx_hal_msp.o
      4610         16          0          0          0      12290   stm32h5xx_hal_rcc.o
      8678        152          0          0          0      17383   stm32h5xx_hal_rcc_ex.o
      4978         50          0          0          0      39266   stm32h5xx_hal_tim.o
       302          0          0          0          0      21876   stm32h5xx_hal_tim_ex.o
      7484          0         24          0          0      26363   stm32h5xx_hal_uart.o
       566          0         16          0          0       9340   stm32h5xx_hal_uart_ex.o
       156          0          0          0          0       2044   stm32h5xx_it.o
       278          0         24          4          0       5352   system_stm32h5xx.o
      1216          0          0          0        304      10843   tim.o
       332          0          0          0        148       9813   usart.o

    ----------------------------------------------------------------------
     33832        232        698         12       1852     223070   Object Totals
         0          0         32          0          0          0   (incl. Generated)
       106          0          2          3         12          0   (incl. Padding)

    ----------------------------------------------------------------------

      Code (inc. data)   RO Data    RW Data    ZI Data      Debug   Library Member Name

         0          0          0          0          0          0   entry.o
         0          0          0          0          0          0   entry10a.o
         0          0          0          0          0          0   entry11a.o
         8          4          0          0          0          0   entry2.o
         4          0          0          0          0          0   entry5.o
         0          0          0          0          0          0   entry7b.o
         0          0          0          0          0          0   entry8b.o
         8          4          0          0          0          0   entry9a.o
        30          0          0          0          0          0   handlers.o
        36          8          0          0          0         68   init.o
        30          0          0          0          0         68   llshl.o
        32          0          0          0          0         68   llushr.o
        36          0          0          0          0        108   memseta.o
        98          0          0          0          0         92   uldiv.o

    ----------------------------------------------------------------------
       282         16          0          0          0        404   Library Totals
         0          0          0          0          0          0   (incl. Padding)

    ----------------------------------------------------------------------

      Code (inc. data)   RO Data    RW Data    ZI Data      Debug   Library Name

       282         16          0          0          0        404   mc_w.l

    ----------------------------------------------------------------------
       282         16          0          0          0        404   Library Totals

    ----------------------------------------------------------------------

==============================================================================


      Code (inc. data)   RO Data    RW Data    ZI Data      Debug   

     34114        248        698         12       1852     223238   Grand Totals
     34114        248        698         12       1852     223238   ELF Image Totals
     34114        248        698         12          0          0   ROM Totals

==============================================================================

    Total RO  Size (Code + RO Data)                34812 (  34.00kB)
    Total RW  Size (RW Data + ZI Data)              1864 (   1.82kB)
    Total ROM Size (Code + RO Data + RW Data)      34824 (  34.01kB)

==============================================================================

