<html>
<body>
<pre>
<h1>µVision Build Log</h1>
<h2>Tool Versions:</h2>
IDE-Version: ¦ÌVision V5.34.0.0
Copyright (C) 2021 ARM Ltd and ARM Germany GmbH. All rights reserved.
License Information: 111 huawei, 111, LIC=HF82M-XEJB6-JPIZQ-NSZ9X-NU0XW-HZ42U
 
Tool Versions:
Toolchain:       MDK-ARM Professional  Version: 5.34.0.0
Toolchain Path:  D:\keil\Keil MDK v5.34\Installation Direction\ARM\ARMCLANG\Bin
C Compiler:      ArmClang.exe V6.16
Assembler:       Armasm.exe V6.16
Linker/Locator:  ArmLink.exe V6.16
Library Manager: ArmAr.exe V6.16
Hex Converter:   FromElf.exe V6.16
CPU DLL:         
Dialog DLL:      
Target DLL:      STLink\ST-LINKIII-KEIL_SWO.dll V3.0.8.0
Dialog DLL:      TCM.DLL V1.48.0.0
 
<h2>Project:</h2>
D:\viewshine\STM32³ÌÐò\Simulate\MDK-ARM\Simulate.uvprojx
Project File Date:  04/29/2025

<h2>Output:</h2>
*** Using Compiler 'V6.16', folder: 'D:\keil\Keil MDK v5.34\Installation Direction\ARM\ARMCLANG\Bin'
Rebuild target 'Simulate'
compiling tim.c...
compiling main.c...
compiling stm32h5xx_hal_cortex.c...
compiling gpio.c...
compiling stm32h5xx_hal_msp.c...
compiling icache.c...
compiling memorymap.c...
compiling usart.c...
compiling stm32h5xx_it.c...
compiling stm32h5xx_hal_rcc.c...
assembling startup_stm32h503xx.s...
compiling stm32h5xx_hal_rcc_ex.c...
compiling stm32h5xx_hal_gpio.c...
compiling stm32h5xx_hal_flash_ex.c...
compiling stm32h5xx_hal_flash.c...
compiling stm32h5xx_hal_dma.c...
compiling stm32h5xx_hal_pwr.c...
compiling stm32h5xx_hal_pwr_ex.c...
compiling stm32h5xx_hal_exti.c...
compiling stm32h5xx_hal_icache.c...
compiling stm32h5xx_hal.c...
compiling stm32h5xx_hal_dma_ex.c...
compiling stm32h5xx_hal_tim_ex.c...
compiling system_stm32h5xx.c...
compiling stm32h5xx_hal_uart_ex.c...
compiling capture.c...
compiling stm32h5xx_hal_tim.c...
compiling delay.c...
compiling stm32h5xx_hal_uart.c...
compiling process.c...
compiling buffer.c...
linking...
Program Size: Code=34114 RO-data=698 RW-data=12 ZI-data=1852  
FromELF: creating hex file...
"Simulate\Simulate.axf" - 0 Error(s), 0 Warning(s).

<h2>Software Packages used:</h2>

Package Vendor: ARM
                http://www.keil.com/pack/ARM.CMSIS.5.9.0.pack
                ARM.CMSIS.5.9.0
                CMSIS (Common Microcontroller Software Interface Standard)
   * Component: CORE Version: 5.6.0

Package Vendor: Keil
                https://www.keil.com/pack/Keil.STM32H5xx_DFP.1.0.0.pack
                Keil.STM32H5xx_DFP.1.0.0
                STMicroelectronics STM32H5 Series Device Support

<h2>Collection of Component include folders:</h2>
  .\RTE\_Simulate
  D:\keil\Keil MDK v5.34\Installation Direction\ARM\CMSIS\5.9.0\CMSIS\Core\Include
  D:\keil\Keil MDK v5.34\Installation Direction\Keil\STM32H5xx_DFP\1.0.0\Drivers\CMSIS\Device\ST\STM32H5xx\Include

<h2>Collection of Component Files used:</h2>

   * Component: ARM::CMSIS:CORE:5.6.0
      Include file:  CMSIS\Core\Include\tz_context.h
Build Time Elapsed:  00:00:04
</pre>
</body>
</html>
